Archive member included to satisfy reference by file (symbol)

C:/Users/USERON~1/PICO-S~1/TOOLCH~1/14_2_R~1/bin/../lib/gcc/arm-none-eabi/14.2.1/thumb/v6-m/nofp\libgcc.a(_dvmd_tls.o)
                              CMakeFiles/blink.dir/C_/Users/User_One/.pico-sdk/sdk/2.1.1/src/rp2_common/pico_divider/divider_hardware.S.obj (__aeabi_idiv0)
C:/Users/USERON~1/PICO-S~1/TOOLCH~1/14_2_R~1/bin/../lib/gcc/arm-none-eabi/14.2.1/thumb/v6-m/nofp\libg.a(libc_a-calloc.o)
                              CMakeFiles/blink.dir/C_/Users/User_One/.pico-sdk/sdk/2.1.1/src/rp2_common/pico_malloc/malloc.c.obj (calloc)
C:/Users/USERON~1/PICO-S~1/TOOLCH~1/14_2_R~1/bin/../lib/gcc/arm-none-eabi/14.2.1/thumb/v6-m/nofp\libg.a(libc_a-callocr.o)
                              C:/Users/USERON~1/PICO-S~1/TOOLCH~1/14_2_R~1/bin/../lib/gcc/arm-none-eabi/14.2.1/thumb/v6-m/nofp\libg.a(libc_a-calloc.o) (_calloc_r)
C:/Users/USERON~1/PICO-S~1/TOOLCH~1/14_2_R~1/bin/../lib/gcc/arm-none-eabi/14.2.1/thumb/v6-m/nofp\libg.a(libc_a-malloc.o)
                              CMakeFiles/blink.dir/C_/Users/User_One/.pico-sdk/sdk/2.1.1/src/rp2_common/pico_malloc/malloc.c.obj (malloc)
C:/Users/USERON~1/PICO-S~1/TOOLCH~1/14_2_R~1/bin/../lib/gcc/arm-none-eabi/14.2.1/thumb/v6-m/nofp\libg.a(libc_a-mallocr.o)
                              C:/Users/USERON~1/PICO-S~1/TOOLCH~1/14_2_R~1/bin/../lib/gcc/arm-none-eabi/14.2.1/thumb/v6-m/nofp\libg.a(libc_a-callocr.o) (_malloc_r)
C:/Users/USERON~1/PICO-S~1/TOOLCH~1/14_2_R~1/bin/../lib/gcc/arm-none-eabi/14.2.1/thumb/v6-m/nofp\libg.a(libc_a-mlock.o)
                              C:/Users/USERON~1/PICO-S~1/TOOLCH~1/14_2_R~1/bin/../lib/gcc/arm-none-eabi/14.2.1/thumb/v6-m/nofp\libg.a(libc_a-mallocr.o) (__malloc_lock)
C:/Users/USERON~1/PICO-S~1/TOOLCH~1/14_2_R~1/bin/../lib/gcc/arm-none-eabi/14.2.1/thumb/v6-m/nofp\libg.a(libc_a-realloc.o)
                              CMakeFiles/blink.dir/C_/Users/User_One/.pico-sdk/sdk/2.1.1/src/rp2_common/pico_malloc/malloc.c.obj (realloc)
C:/Users/USERON~1/PICO-S~1/TOOLCH~1/14_2_R~1/bin/../lib/gcc/arm-none-eabi/14.2.1/thumb/v6-m/nofp\libg.a(libc_a-reallocr.o)
                              C:/Users/USERON~1/PICO-S~1/TOOLCH~1/14_2_R~1/bin/../lib/gcc/arm-none-eabi/14.2.1/thumb/v6-m/nofp\libg.a(libc_a-realloc.o) (_realloc_r)
C:/Users/USERON~1/PICO-S~1/TOOLCH~1/14_2_R~1/bin/../lib/gcc/arm-none-eabi/14.2.1/thumb/v6-m/nofp\libg.a(libc_a-memcmp.o)
                              CMakeFiles/blink.dir/C_/Users/User_One/.pico-sdk/sdk/2.1.1/src/rp2_common/pico_atomic/atomic.c.obj (memcmp)
C:/Users/USERON~1/PICO-S~1/TOOLCH~1/14_2_R~1/bin/../lib/gcc/arm-none-eabi/14.2.1/thumb/v6-m/nofp\libg.a(libc_a-memmove.o)
                              C:/Users/USERON~1/PICO-S~1/TOOLCH~1/14_2_R~1/bin/../lib/gcc/arm-none-eabi/14.2.1/thumb/v6-m/nofp\libg.a(libc_a-reallocr.o) (memmove)
C:/Users/USERON~1/PICO-S~1/TOOLCH~1/14_2_R~1/bin/../lib/gcc/arm-none-eabi/14.2.1/thumb/v6-m/nofp\libg.a(libc_a-lcltime_r.o)
                              CMakeFiles/blink.dir/C_/Users/User_One/.pico-sdk/sdk/2.1.1/src/common/pico_util/datetime.c.obj (localtime_r)
C:/Users/USERON~1/PICO-S~1/TOOLCH~1/14_2_R~1/bin/../lib/gcc/arm-none-eabi/14.2.1/thumb/v6-m/nofp\libg.a(libc_a-mktime.o)
                              CMakeFiles/blink.dir/C_/Users/User_One/.pico-sdk/sdk/2.1.1/src/common/pico_util/datetime.c.obj (mktime)
C:/Users/USERON~1/PICO-S~1/TOOLCH~1/14_2_R~1/bin/../lib/gcc/arm-none-eabi/14.2.1/thumb/v6-m/nofp\libg.a(libc_a-month_lengths.o)
                              C:/Users/USERON~1/PICO-S~1/TOOLCH~1/14_2_R~1/bin/../lib/gcc/arm-none-eabi/14.2.1/thumb/v6-m/nofp\libg.a(libc_a-lcltime_r.o) (__month_lengths)
C:/Users/USERON~1/PICO-S~1/TOOLCH~1/14_2_R~1/bin/../lib/gcc/arm-none-eabi/14.2.1/thumb/v6-m/nofp\libg.a(libc_a-tzcalc_limits.o)
                              C:/Users/USERON~1/PICO-S~1/TOOLCH~1/14_2_R~1/bin/../lib/gcc/arm-none-eabi/14.2.1/thumb/v6-m/nofp\libg.a(libc_a-lcltime_r.o) (__tzcalc_limits)
C:/Users/USERON~1/PICO-S~1/TOOLCH~1/14_2_R~1/bin/../lib/gcc/arm-none-eabi/14.2.1/thumb/v6-m/nofp\libg.a(libc_a-tzlock.o)
                              C:/Users/USERON~1/PICO-S~1/TOOLCH~1/14_2_R~1/bin/../lib/gcc/arm-none-eabi/14.2.1/thumb/v6-m/nofp\libg.a(libc_a-lcltime_r.o) (__tz_lock)
C:/Users/USERON~1/PICO-S~1/TOOLCH~1/14_2_R~1/bin/../lib/gcc/arm-none-eabi/14.2.1/thumb/v6-m/nofp\libg.a(libc_a-tzset.o)
                              C:/Users/USERON~1/PICO-S~1/TOOLCH~1/14_2_R~1/bin/../lib/gcc/arm-none-eabi/14.2.1/thumb/v6-m/nofp\libg.a(libc_a-lcltime_r.o) (_tzset_unlocked)
C:/Users/USERON~1/PICO-S~1/TOOLCH~1/14_2_R~1/bin/../lib/gcc/arm-none-eabi/14.2.1/thumb/v6-m/nofp\libg.a(libc_a-tzset_r.o)
                              C:/Users/USERON~1/PICO-S~1/TOOLCH~1/14_2_R~1/bin/../lib/gcc/arm-none-eabi/14.2.1/thumb/v6-m/nofp\libg.a(libc_a-tzset.o) (_tzset_unlocked_r)
C:/Users/USERON~1/PICO-S~1/TOOLCH~1/14_2_R~1/bin/../lib/gcc/arm-none-eabi/14.2.1/thumb/v6-m/nofp\libg.a(libc_a-tzvars.o)
[...]
Memory Configuration

Name             Origin             Length             Attributes
FLASH            0x10000000         0x00200000         xr
RAM              0x20000000         0x00040000         xrw
SCRATCH_X        0x20040000         0x00001000         xrw
SCRATCH_Y        0x20041000         0x00001000         xrw
*default*        0x00000000         0xffffffff

Linker script and memory map

LOAD C:/Users/USERON~1/PICO-S~1/TOOLCH~1/14_2_R~1/bin/../lib/gcc/arm-none-eabi/14.2.1/thumb/v6-m/nofp/crti.o
LOAD C:/Users/USERON~1/PICO-S~1/TOOLCH~1/14_2_R~1/bin/../lib/gcc/arm-none-eabi/14.2.1/thumb/v6-m/nofp/crtbegin.o
LOAD C:/Users/USERON~1/PICO-S~1/TOOLCH~1/14_2_R~1/bin/../lib/gcc/arm-none-eabi/14.2.1/thumb/v6-m/nofp/crt0.o

.flash_begin    0x10000000        0x0
                0x10000000                        __flash_binary_start = .

.boot2          0x10000000      0x100
                0x10000000                        __boot2_start__ = .
 *(.boot2)
 .boot2         0x10000000      0x100 pico-sdk/src/rp2040/boot_stage2/CMakeFiles/bs2_default_library.dir/./bs2_default_padded_checksummed.S.obj
                0x10000100                        __boot2_end__ = .
                0x00000001                        ASSERT (((__boot2_end__ - __boot2_start__) == 0x100), ERROR: Pico second stage bootloader must be 256 bytes in size)

.text           0x10000100     0x1640
                0x10000100                        __logical_binary_start = .
 *(.vectors)
 .vectors       0x10000100       0xd4 CMakeFiles/blink.dir/C_/Users/User_One/.pico-sdk/sdk/2.1.1/src/rp2_common/pico_crt0/crt0.S.obj
                0x10000100                __VECTOR_TABLE
                0x10000100                __vectors
                0x100001c0                isr_invalid
                0x100001c0                __default_isrs_start
                0x100001c2                isr_nmi
                0x100001c4                isr_hardfault
                0x100001c6                isr_svcall
                0x100001c8                isr_pendsv
                0x100001ca                isr_systick
                0x100001cc                isr_irq23
                0x100001cc                isr_irq18
                0x100001cc                isr_irq11
                0x100001cc                isr_irq28
                0x100001cc                isr_irq19
                0x100001cc                isr_irq0
                0x100001cc                isr_irq6
                0x100001cc                isr_irq5
                0x100001cc                isr_irq12
                0x100001cc                isr_irq22
                0x100001cc                isr_irq31
                0x100001cc                isr_irq17
                0x100001cc                isr_irq27
                0x100001cc                isr_irq30
                0x100001cc                isr_irq2
                0x100001cc                isr_irq10
                0x100001cc                isr_irq8
                0x100001cc                isr_irq24
                0x100001cc                isr_irq1
                0x100001cc                isr_irq7
                0x100001cc                isr_irq21
                0x100001cc                isr_irq20
                0x100001cc                isr_irq15
                0x100001cc                isr_irq25
                0x100001cc                isr_irq13
                0x100001cc                __unhandled_user_irq
                0x100001cc                isr_irq4
                0x100001cc                isr_irq16
                0x100001cc                isr_irq29
                0x100001cc                isr_irq26
                0x100001cc                __default_isrs_end
                0x100001cc                isr_irq3
                0x100001cc                isr_irq14
                0x100001cc                isr_irq9
                0x100001d2                unhandled_user_irq_num_in_r0
 *(.binary_info_header)
 .binary_info_header
                0x100001d4       0x14 CMakeFiles/blink.dir/C_/Users/User_One/.pico-sdk/sdk/2.1.1/src/rp2_common/pico_crt0/crt0.S.obj
                0x100001e8                        __binary_info_header_end = .
 *(.embedded_block)
                0x100001e8                        __embedded_block_end = .
 *(.reset)
 .reset         0x100001e8       0x9c CMakeFiles/blink.dir/C_/Users/User_One/.pico-sdk/sdk/2.1.1/src/rp2_common/pico_crt0/crt0.S.obj
                0x100001e8                _entry_point
 *(.init)
 .init          0x10000284        0x4 C:/Users/USERON~1/PICO-S~1/TOOLCH~1/14_2_R~1/bin/../lib/gcc/arm-none-eabi/14.2.1/thumb/v6-m/nofp/crti.o
                0x10000284                _init
 *(EXCLUDE_FILE(*libm.a: *libc.a:*lib_a-mem*.o *libgcc.a:) .text*)
 .text.register_tm_clones
                0x10000288       0x28 C:/Users/USERON~1/PICO-S~1/TOOLCH~1/14_2_R~1/bin/../lib/gcc/arm-none-eabi/14.2.1/thumb/v6-m/nofp/crtbegin.o
 .text.frame_dummy
                0x100002b0       0x24 C:/Users/USERON~1/PICO-S~1/TOOLCH~1/14_2_R~1/bin/../lib/gcc/arm-none-eabi/14.2.1/thumb/v6-m/nofp/crtbegin.o
 .text.startup.main
                0x100002d4       0x3c CMakeFiles/blink.dir/blink.c.obj
                0x100002d4                main
 .text.gpio_init
                0x10000310       0x40 CMakeFiles/blink.dir/C_/Users/User_One/.pico-sdk/sdk/2.1.1/src/rp2_common/hardware_gpio/gpio.c.obj
                0x10000310                gpio_init
 .text.panic    0x10000350       0x30 CMakeFiles/blink.dir/C_/Users/User_One/.pico-sdk/sdk/2.1.1/src/rp2_common/pico_platform_panic/panic.c.obj
                0x10000350                panic
 .text.hw_claim_or_assert
                0x10000380       0x44 CMakeFiles/blink.dir/C_/Users/User_One/.pico-sdk/sdk/2.1.1/src/common/hardware_claim/claim.c.obj
                0x10000380                hw_claim_or_assert
 .text.next_striped_spin_lock_num
                0x100003c4       0x18 CMakeFiles/blink.dir/C_/Users/User_One/.pico-sdk/sdk/2.1.1/src/rp2_common/hardware_sync/sync.c.obj
                0x100003c4                next_striped_spin_lock_num
 .text.spin_locks_reset
                0x100003dc       0x1c CMakeFiles/blink.dir/C_/Users/User_One/.pico-sdk/sdk/2.1.1/src/rp2_common/hardware_sync_spin_lock/sync_spin_lock.c.obj
                0x100003dc                spin_locks_reset
 .text.runtime_init_per_core_irq_priorities
                0x100003f8       0x24 CMakeFiles/blink.dir/C_/Users/User_One/.pico-sdk/sdk/2.1.1/src/rp2_common/hardware_irq/irq.c.obj
                0x100003f8                runtime_init_per_core_irq_priorities
 .text.irq_set_enabled
                0x1000041c       0x24 CMakeFiles/blink.dir/C_/Users/User_One/.pico-sdk/sdk/2.1.1/src/rp2_common/hardware_irq/irq.c.obj
                0x1000041c                irq_set_enabled
 .text.irq_set_exclusive_handler
                0x10000440       0x54 CMakeFiles/blink.dir/C_/Users/User_One/.pico-sdk/sdk/2.1.1/src/rp2_common/hardware_irq/irq.c.obj
                0x10000440                irq_set_exclusive_handler
 .text.lock_init
                0x10000494       0x10 CMakeFiles/blink.dir/C_/Users/User_One/.pico-sdk/sdk/2.1.1/src/common/pico_sync/lock_core.c.obj
                0x10000494                lock_init
 .text.runtime_init_mutex
                0x100004a4       0x50 CMakeFiles/blink.dir/C_/Users/User_One/.pico-sdk/sdk/2.1.1/src/common/pico_sync/mutex.c.obj
                0x100004a4                runtime_init_mutex
 .text.sleep_until_callback
                0x100004f4       0x30 CMakeFiles/blink.dir/C_/Users/User_One/.pico-sdk/sdk/2.1.1/src/common/pico_time/time.c.obj
 .text.alarm_pool_irq_handler
                0x10000524      0x300 CMakeFiles/blink.dir/C_/Users/User_One/.pico-sdk/sdk/2.1.1/src/common/pico_time/time.c.obj
 .text.runtime_init_default_alarm_pool
                0x10000824       0xdc CMakeFiles/blink.dir/C_/Users/User_One/.pico-sdk/sdk/2.1.1/src/common/pico_time/time.c.obj
                0x10000824                runtime_init_default_alarm_pool
 .text.alarm_pool_add_alarm_at_force_in_context
                0x10000900       0xb0 CMakeFiles/blink.dir/C_/Users/User_One/.pico-sdk/sdk/2.1.1/src/common/pico_time/time.c.obj
                0x10000900                alarm_pool_add_alarm_at_force_in_context
 .text.alarm_pool_cancel_alarm
                0x100009b0       0x74 CMakeFiles/blink.dir/C_/Users/User_One/.pico-sdk/sdk/2.1.1/src/common/pico_time/time.c.obj
                0x100009b0                alarm_pool_cancel_alarm
 .text.sleep_ms
                0x10000a24       0xfc CMakeFiles/blink.dir/C_/Users/User_One/.pico-sdk/sdk/2.1.1/src/common/pico_time/time.c.obj
                0x10000a24                sleep_ms
 .text.best_effort_wfe_or_timeout
                0x10000b20      0x10c CMakeFiles/blink.dir/C_/Users/User_One/.pico-sdk/sdk/2.1.1/src/common/pico_time/time.c.obj
                0x10000b20                best_effort_wfe_or_timeout
 .text.timer_hardware_alarm_claim
                0x10000c2c       0x14 CMakeFiles/blink.dir/C_/Users/User_One/.pico-sdk/sdk/2.1.1/src/rp2_common/hardware_timer/timer.c.obj
                0x10000c2c                timer_hardware_alarm_claim
 .text.timer_time_us_64
                0x10000c40       0x10 CMakeFiles/blink.dir/C_/Users/User_One/.pico-sdk/sdk/2.1.1/src/rp2_common/hardware_timer/timer.c.obj
                0x10000c40                timer_time_us_64
 .text.time_us_64
                0x10000c50       0x14 CMakeFiles/blink.dir/C_/Users/User_One/.pico-sdk/sdk/2.1.1/src/rp2_common/hardware_timer/timer.c.obj
                0x10000c50                time_us_64
 .text.busy_wait_until
                0x10000c64       0x20 CMakeFiles/blink.dir/C_/Users/User_One/.pico-sdk/sdk/2.1.1/src/rp2_common/hardware_timer/timer.c.obj
                0x10000c64                busy_wait_until
 .text.clock_configure_int_divider
                0x10000c84       0xf4 CMakeFiles/blink.dir/C_/Users/User_One/.pico-sdk/sdk/2.1.1/src/rp2_common/hardware_clocks/clocks.c.obj
                0x10000c84                clock_configure_int_divider
 .text.clock_configure_undivided
                0x10000d78       0xe8 CMakeFiles/blink.dir/C_/Users/User_One/.pico-sdk/sdk/2.1.1/src/rp2_common/hardware_clocks/clocks.c.obj
                0x10000d78                clock_configure_undivided
 .text.clock_get_hz
                0x10000e60        0xc CMakeFiles/blink.dir/C_/Users/User_One/.pico-sdk/sdk/2.1.1/src/rp2_common/hardware_clocks/clocks.c.obj
                0x10000e60                clock_get_hz
 .text.pll_init
                0x10000e6c       0xa4 CMakeFiles/blink.dir/C_/Users/User_One/.pico-sdk/sdk/2.1.1/src/rp2_common/hardware_pll/pll.c.obj
                0x10000e6c                pll_init
 .text.tick_start
                0x10000f10       0x10 CMakeFiles/blink.dir/C_/Users/User_One/.pico-sdk/sdk/2.1.1/src/rp2_common/hardware_ticks/ticks.c.obj
                0x10000f10                tick_start
 .text.rom_func_lookup
                0x10000f20       0x10 CMakeFiles/blink.dir/C_/Users/User_One/.pico-sdk/sdk/2.1.1/src/rp2_common/pico_bootrom/bootrom.c.obj
                0x10000f20                rom_func_lookup
 .text.rom_data_lookup
                0x10000f30       0x10 CMakeFiles/blink.dir/C_/Users/User_One/.pico-sdk/sdk/2.1.1/src/rp2_common/pico_bootrom/bootrom.c.obj
                0x10000f30                rom_data_lookup
 .text.rom_funcs_lookup
                0x10000f40       0x44 CMakeFiles/blink.dir/C_/Users/User_One/.pico-sdk/sdk/2.1.1/src/rp2_common/pico_bootrom/bootrom.c.obj
                0x10000f40                rom_funcs_lookup
 .text.xosc_init
                0x10000f84       0x28 CMakeFiles/blink.dir/C_/Users/User_One/.pico-sdk/sdk/2.1.1/src/rp2_common/hardware_xosc/xosc.c.obj
                0x10000f84                xosc_init
 .text.first_per_core_initializer
                0x10000fac        0x4 CMakeFiles/blink.dir/C_/Users/User_One/.pico-sdk/sdk/2.1.1/src/rp2_common/pico_runtime/runtime.c.obj
 .text.hard_assertion_failure
                0x10000fb0        0xc CMakeFiles/blink.dir/C_/Users/User_One/.pico-sdk/sdk/2.1.1/src/rp2_common/pico_runtime/runtime.c.obj
                0x10000fb0                hard_assertion_failure
 .text.runtime_run_initializers
                0x10000fbc       0x28 CMakeFiles/blink.dir/C_/Users/User_One/.pico-sdk/sdk/2.1.1/src/rp2_common/pico_runtime/runtime.c.obj
                0x10000fbc                runtime_run_initializers
 .text.runtime_init_early_resets
                0x10000fe4       0x2c CMakeFiles/blink.dir/C_/Users/User_One/.pico-sdk/sdk/2.1.1/src/rp2_common/pico_runtime_init/runtime_init.c.obj
                0x10000fe4                runtime_init_early_resets
 .text.runtime_init_usb_power_down
                0x10001010       0x1c CMakeFiles/blink.dir/C_/Users/User_One/.pico-sdk/sdk/2.1.1/src/rp2_common/pico_runtime_init/runtime_init.c.obj
                0x10001010                runtime_init_usb_power_down
 .text.runtime_init_post_clock_resets
                0x1000102c       0x20 CMakeFiles/blink.dir/C_/Users/User_One/.pico-sdk/sdk/2.1.1/src/rp2_common/pico_runtime_init/runtime_init.c.obj
                0x1000102c                runtime_init_post_clock_resets
 .text.runtime_init_rp2040_gpio_ie_disable
                0x1000104c       0x14 CMakeFiles/blink.dir/C_/Users/User_One/.pico-sdk/sdk/2.1.1/src/rp2_common/pico_runtime_init/runtime_init.c.obj
                0x1000104c                runtime_init_rp2040_gpio_ie_disable
 .text.runtime_init_spin_locks_reset
                0x10001060        0x8 CMakeFiles/blink.dir/C_/Users/User_One/.pico-sdk/sdk/2.1.1/src/rp2_common/pico_runtime_init/runtime_init.c.obj
                0x10001060                runtime_init_spin_locks_reset
 .text.runtime_init_install_ram_vector_table
                0x10001068       0x1c CMakeFiles/blink.dir/C_/Users/User_One/.pico-sdk/sdk/2.1.1/src/rp2_common/pico_runtime_init/runtime_init.c.obj
                0x10001068                runtime_init_install_ram_vector_table
 .text.runtime_init_clocks
                0x10001084       0xd8 CMakeFiles/blink.dir/C_/Users/User_One/.pico-sdk/sdk/2.1.1/src/rp2_common/pico_runtime_init/runtime_init_clocks.c.obj
                0x10001084                runtime_init_clocks
 .text          0x1000115c       0x10 CMakeFiles/blink.dir/C_/Users/User_One/.pico-sdk/sdk/2.1.1/src/rp2_common/pico_bit_ops/bit_ops_aeabi.S.obj
 .text.__wrap___aeabi_uidiv
                0x1000116c       0x4c CMakeFiles/blink.dir/C_/Users/User_One/.pico-sdk/sdk/2.1.1/src/rp2_common/pico_divider/divider_hardware.S.obj
                0x1000116c                __wrap___aeabi_uidiv
                0x1000116c                __wrap___aeabi_uidivmod
                0x1000116c                div_u32u32
                0x1000116c                divmod_u32u32
                0x10001174                divmod_u32u32_unsafe
                0x1000119c                divmod_u32u32_savestate
 .text.__aeabi_double_init
                0x100011b8       0xa4 CMakeFiles/blink.dir/C_/Users/User_One/.pico-sdk/sdk/2.1.1/src/rp2_common/pico_double/double_init_rom_rp2040.c.obj
                0x100011b8                __aeabi_double_init
 .text.double_table_shim_on_use_helper
                0x1000125c       0x2c CMakeFiles/blink.dir/C_/Users/User_One/.pico-sdk/sdk/2.1.1/src/rp2_common/pico_double/double_v1_rom_shim_rp2040.S.obj
                0x1000125c                double_table_shim_on_use_helper
 .text.__aeabi_lmul
                0x10001288       0x32 CMakeFiles/blink.dir/C_/Users/User_One/.pico-sdk/sdk/2.1.1/src/rp2_common/pico_int64_ops/pico_int64_ops_aeabi.S.obj
                0x10001288                __wrap___aeabi_lmul
 *fill*         0x100012ba        0x2 
 .text.__aeabi_float_init
                0x100012bc       0x64 CMakeFiles/blink.dir/C_/Users/User_One/.pico-sdk/sdk/2.1.1/src/rp2_common/pico_float/float_init_rom_rp2040.c.obj
                0x100012bc                __aeabi_float_init
 .text.float_table_shim_on_use_helper
                0x10001320       0x2c CMakeFiles/blink.dir/C_/Users/User_One/.pico-sdk/sdk/2.1.1/src/rp2_common/pico_float/float_v1_rom_shim_rp2040.S.obj
                0x10001320                float_table_shim_on_use_helper
 .text          0x1000134c       0x10 CMakeFiles/blink.dir/C_/Users/User_One/.pico-sdk/sdk/2.1.1/src/rp2_common/pico_mem_ops/mem_ops_aeabi.S.obj
                0x1000134c                __aeabi_mem_init
 .text.memcpy   0x1000135c        0xc CMakeFiles/blink.dir/C_/Users/User_One/.pico-sdk/sdk/2.1.1/src/rp2_common/pico_mem_ops/mem_ops_aeabi.S.obj
                0x1000135c                __wrap_memcpy
                0x1000135c                __wrap___aeabi_memcpy
 .text._out_char
                0x10001368       0x10 CMakeFiles/blink.dir/C_/Users/User_One/.pico-sdk/sdk/2.1.1/src/rp2_common/pico_printf/printf.c.obj
 .text.weak_raw_vprintf
                0x10001378       0x30 CMakeFiles/blink.dir/C_/Users/User_One/.pico-sdk/sdk/2.1.1/src/rp2_common/pico_printf/printf.c.obj
                0x10001378                weak_raw_vprintf
 .text._exit    0x100013a8        0x4 CMakeFiles/blink.dir/C_/Users/User_One/.pico-sdk/sdk/2.1.1/src/rp2_common/pico_clib_interface/newlib_interface.c.obj
                0x100013a8                _exit
 .text.exit     0x100013ac        0x8 CMakeFiles/blink.dir/C_/Users/User_One/.pico-sdk/sdk/2.1.1/src/rp2_common/pico_clib_interface/newlib_interface.c.obj
                0x100013ac                exit
 .text.runtime_init
                0x100013b4       0x2c CMakeFiles/blink.dir/C_/Users/User_One/.pico-sdk/sdk/2.1.1/src/rp2_common/pico_clib_interface/newlib_interface.c.obj
                0x100013b4                runtime_init
 .text.stdio_out_chars_no_crlf
                0x100013e0       0x10 CMakeFiles/blink.dir/C_/Users/User_One/.pico-sdk/sdk/2.1.1/src/rp2_common/pico_stdio/stdio.c.obj
 .text.stdio_out_chars_crlf
                0x100013f0       0xb0 CMakeFiles/blink.dir/C_/Users/User_One/.pico-sdk/sdk/2.1.1/src/rp2_common/pico_stdio/stdio.c.obj
 .text.stdio_put_string
                0x100014a0       0xfc CMakeFiles/blink.dir/C_/Users/User_One/.pico-sdk/sdk/2.1.1/src/rp2_common/pico_stdio/stdio.c.obj
                0x100014a0                stdio_put_string
 .text.__wrap_putchar
                0x1000159c       0x94 CMakeFiles/blink.dir/C_/Users/User_One/.pico-sdk/sdk/2.1.1/src/rp2_common/pico_stdio/stdio.c.obj
                0x1000159c                __wrap_putchar
                0x1000159c                stdio_putchar
 .text.__wrap_puts
                0x10001630       0x3c CMakeFiles/blink.dir/C_/Users/User_One/.pico-sdk/sdk/2.1.1/src/rp2_common/pico_stdio/stdio.c.obj
                0x10001630                stdio_puts
                0x10001630                __wrap_puts
 .text.strlen   0x1000166c       0x5c C:/Users/USERON~1/PICO-S~1/TOOLCH~1/14_2_R~1/bin/../lib/gcc/arm-none-eabi/14.2.1/thumb/v6-m/nofp\libg.a(libc_a-strlen-stub.o)
                0x1000166c                strlen
 *(.fini)
 .fini          0x100016c8        0x4 C:/Users/USERON~1/PICO-S~1/TOOLCH~1/14_2_R~1/bin/../lib/gcc/arm-none-eabi/14.2.1/thumb/v6-m/nofp/crti.o
                0x100016c8                _fini
 *fill*         0x100016cc        0x4 
 .fini.__stub   0x100016d0       0x30 linker stubs
 *crtbegin.o(.ctors)
 *crtbegin?.o(.ctors)
 *(EXCLUDE_FILE(*crtend.o *crtend?.o) .ctors)
 *(SORT_BY_NAME(.ctors.*))
 *(.ctors)
 *crtbegin.o(.dtors)
 *crtbegin?.o(.dtors)
 *(EXCLUDE_FILE(*crtend.o *crtend?.o) .dtors)
 *(SORT_BY_NAME(.dtors.*))
 *(.dtors)
                0x10001700                        . = ALIGN (0x4)
                0x10001700                        PROVIDE (__preinit_array_start = .)
 *(SORT_BY_NAME(.preinit_array.*))
 .preinit_array.00100
                0x10001700        0x4 CMakeFiles/blink.dir/C_/Users/User_One/.pico-sdk/sdk/2.1.1/src/rp2_common/pico_runtime_init/runtime_init.c.obj
                0x10001700                __pre_init_runtime_init_early_resets
 .preinit_array.00101
                0x10001704        0x4 CMakeFiles/blink.dir/C_/Users/User_One/.pico-sdk/sdk/2.1.1/src/rp2_common/pico_runtime_init/runtime_init.c.obj
                0x10001704                __pre_init_runtime_init_usb_power_down
 .preinit_array.00275
                0x10001708        0x4 CMakeFiles/blink.dir/C_/Users/User_One/.pico-sdk/sdk/2.1.1/src/rp2_common/pico_bit_ops/bit_ops_aeabi.S.obj
 .preinit_array.00300
                0x1000170c        0x4 CMakeFiles/blink.dir/C_/Users/User_One/.pico-sdk/sdk/2.1.1/src/rp2_common/pico_mem_ops/mem_ops_aeabi.S.obj
 .preinit_array.00350
                0x10001710        0x4 CMakeFiles/blink.dir/C_/Users/User_One/.pico-sdk/sdk/2.1.1/src/rp2_common/pico_double/double_aeabi_rp2040.S.obj
 .preinit_array.00350
                0x10001714        0x4 CMakeFiles/blink.dir/C_/Users/User_One/.pico-sdk/sdk/2.1.1/src/rp2_common/pico_float/float_aeabi_rp2040.S.obj
 .preinit_array.00500
                0x10001718        0x4 CMakeFiles/blink.dir/C_/Users/User_One/.pico-sdk/sdk/2.1.1/src/rp2_common/pico_runtime_init/runtime_init.c.obj
                0x10001718                __pre_init_runtime_init_clocks
 .preinit_array.00600
                0x1000171c        0x4 CMakeFiles/blink.dir/C_/Users/User_One/.pico-sdk/sdk/2.1.1/src/rp2_common/pico_runtime_init/runtime_init.c.obj
                0x1000171c                __pre_init_runtime_init_post_clock_resets
 .preinit_array.00700
                0x10001720        0x4 CMakeFiles/blink.dir/C_/Users/User_One/.pico-sdk/sdk/2.1.1/src/rp2_common/pico_runtime_init/runtime_init.c.obj
                0x10001720                __pre_init_runtime_init_rp2040_gpio_ie_disable
 .preinit_array.01000
                0x10001724        0x4 CMakeFiles/blink.dir/C_/Users/User_One/.pico-sdk/sdk/2.1.1/src/rp2_common/pico_runtime_init/runtime_init.c.obj
                0x10001724                __pre_init_runtime_init_spin_locks_reset
 .preinit_array.01100
                0x10001728        0x4 CMakeFiles/blink.dir/C_/Users/User_One/.pico-sdk/sdk/2.1.1/src/common/pico_sync/mutex.c.obj
                0x10001728                __pre_init_runtime_init_mutex
 .preinit_array.10080
                0x1000172c        0x4 CMakeFiles/blink.dir/C_/Users/User_One/.pico-sdk/sdk/2.1.1/src/rp2_common/pico_runtime_init/runtime_init.c.obj
                0x1000172c                __pre_init_runtime_init_install_ram_vector_table
 .preinit_array.11000
                0x10001730        0x4 CMakeFiles/blink.dir/C_/Users/User_One/.pico-sdk/sdk/2.1.1/src/common/pico_time/time.c.obj
                0x10001730                __pre_init_runtime_init_default_alarm_pool
 .preinit_array.YYYYY
                0x10001734        0x4 CMakeFiles/blink.dir/C_/Users/User_One/.pico-sdk/sdk/2.1.1/src/rp2_common/pico_runtime/runtime.c.obj
                0x10001734                __pre_init_first_per_core_initializer
 .preinit_array.ZZZZZ.01200
                0x10001738        0x4 CMakeFiles/blink.dir/C_/Users/User_One/.pico-sdk/sdk/2.1.1/src/rp2_common/hardware_irq/irq.c.obj
                0x10001738                __pre_init_runtime_init_per_core_irq_priorities
 *(.preinit_array)
                0x1000173c                        PROVIDE (__preinit_array_end = .)
                0x1000173c                        . = ALIGN (0x4)
                0x1000173c                        PROVIDE (__init_array_start = .)
 *(SORT_BY_NAME(.init_array.*))
 *(.init_array)
 .init_array    0x1000173c        0x4 C:/Users/USERON~1/PICO-S~1/TOOLCH~1/14_2_R~1/bin/../lib/gcc/arm-none-eabi/14.2.1/thumb/v6-m/nofp/crtbegin.o
                0x10001740                        PROVIDE (__init_array_end = .)
                0x10001740                        . = ALIGN (0x4)
                [!provide]                        PROVIDE (__fini_array_start = .)
 *(SORT_BY_NAME(.fini_array.*))
 *(.fini_array)
                [!provide]                        PROVIDE (__fini_array_end = .)
 *(.eh_frame*)
 .eh_frame      0x10001740        0x0 C:/Users/USERON~1/PICO-S~1/TOOLCH~1/14_2_R~1/bin/../lib/gcc/arm-none-eabi/14.2.1/thumb/v6-m/nofp/crtbegin.o
                0x10001740                        . = ALIGN (0x4)

.glue_7         0x10001740        0x0
 .glue_7        0x10001740        0x0 linker stubs

.glue_7t        0x10001740        0x0
 .glue_7t       0x10001740        0x0 linker stubs

.vfp11_veneer   0x10001740        0x0
 .vfp11_veneer  0x10001740        0x0 linker stubs

.v4_bx          0x10001740        0x0
 .v4_bx         0x10001740        0x0 linker stubs

.iplt           0x10001740        0x0
 .iplt          0x10001740        0x0 C:/Users/USERON~1/PICO-S~1/TOOLCH~1/14_2_R~1/bin/../lib/gcc/arm-none-eabi/14.2.1/thumb/v6-m/nofp/crtbegin.o

.rodata         0x10001740       0xd8
 *(EXCLUDE_FILE(*libm.a: *libc.a:*lib_a-mem*.o *libgcc.a:) .rodata*)
 .rodata.panic.str1.4
                0x10001740       0x80 CMakeFiles/blink.dir/C_/Users/User_One/.pico-sdk/sdk/2.1.1/src/rp2_common/pico_platform_panic/panic.c.obj
                                 0x12 (size before relaxing)
 .rodata.timer_hardware_alarm_claim.str1.4
                0x100017c0       0x22 CMakeFiles/blink.dir/C_/Users/User_One/.pico-sdk/sdk/2.1.1/src/rp2_common/hardware_timer/timer.c.obj
 .rodata.hard_assertion_failure.str1.4
                0x100017c0        0xc CMakeFiles/blink.dir/C_/Users/User_One/.pico-sdk/sdk/2.1.1/src/rp2_common/pico_runtime/runtime.c.obj
 .rodata.str1.4
                0x100017c0       0x3c CMakeFiles/blink.dir/C_/Users/User_One/.pico-sdk/sdk/2.1.1/src/rp2_common/pico_standard_binary_info/standard_binary_info.c.obj
 .rodata.__bi_84
                0x100017c0        0xc CMakeFiles/blink.dir/C_/Users/User_One/.pico-sdk/sdk/2.1.1/src/rp2_common/pico_standard_binary_info/standard_binary_info.c.obj
 .rodata.__bi_78
                0x100017cc        0xc CMakeFiles/blink.dir/C_/Users/User_One/.pico-sdk/sdk/2.1.1/src/rp2_common/pico_standard_binary_info/standard_binary_info.c.obj
 .rodata.__bi_54
                0x100017d8        0xc CMakeFiles/blink.dir/C_/Users/User_One/.pico-sdk/sdk/2.1.1/src/rp2_common/pico_standard_binary_info/standard_binary_info.c.obj
 .rodata.__bi_48
                0x100017e4        0xc CMakeFiles/blink.dir/C_/Users/User_One/.pico-sdk/sdk/2.1.1/src/rp2_common/pico_standard_binary_info/standard_binary_info.c.obj
 .rodata.__bi_42
                0x100017f0        0xc CMakeFiles/blink.dir/C_/Users/User_One/.pico-sdk/sdk/2.1.1/src/rp2_common/pico_standard_binary_info/standard_binary_info.c.obj
 .rodata.__bi_34
                0x100017fc        0xc CMakeFiles/blink.dir/C_/Users/User_One/.pico-sdk/sdk/2.1.1/src/rp2_common/pico_standard_binary_info/standard_binary_info.c.obj
 .rodata.__bi_26
                0x10001808        0xc CMakeFiles/blink.dir/C_/Users/User_One/.pico-sdk/sdk/2.1.1/src/rp2_common/pico_standard_binary_info/standard_binary_info.c.obj
 .rodata.crlf_str.0
                0x10001814        0x2 CMakeFiles/blink.dir/C_/Users/User_One/.pico-sdk/sdk/2.1.1/src/rp2_common/pico_stdio/stdio.c.obj
                0x10001818                        . = ALIGN (0x4)
 *fill*         0x10001816        0x2 
 *(SORT_BY_ALIGNMENT(SORT_BY_NAME(.flashdata*)))
                0x10001818                        . = ALIGN (0x4)

.ARM.extab
 *(.ARM.extab* .gnu.linkonce.armextab.*)
                0x10001818                        __exidx_start = .

.ARM.exidx
 *(.ARM.exidx* .gnu.linkonce.armexidx.*)
                0x10001818                        __exidx_end = .
                0x10001818                        . = ALIGN (0x4)
                0x10001818                        __binary_info_start = .

.binary_info    0x10001818       0x1c
 *(.binary_info.keep.*)
 .binary_info.keep.__bi_ptr84
                0x10001818        0x4 CMakeFiles/blink.dir/C_/Users/User_One/.pico-sdk/sdk/2.1.1/src/rp2_common/pico_standard_binary_info/standard_binary_info.c.obj
 .binary_info.keep.__bi_ptr78
                0x1000181c        0x4 CMakeFiles/blink.dir/C_/Users/User_One/.pico-sdk/sdk/2.1.1/src/rp2_common/pico_standard_binary_info/standard_binary_info.c.obj
 .binary_info.keep.__bi_ptr54
                0x10001820        0x4 CMakeFiles/blink.dir/C_/Users/User_One/.pico-sdk/sdk/2.1.1/src/rp2_common/pico_standard_binary_info/standard_binary_info.c.obj
 .binary_info.keep.__bi_ptr48
                0x10001824        0x4 CMakeFiles/blink.dir/C_/Users/User_One/.pico-sdk/sdk/2.1.1/src/rp2_common/pico_standard_binary_info/standard_binary_info.c.obj
 .binary_info.keep.__bi_ptr42
                0x10001828        0x4 CMakeFiles/blink.dir/C_/Users/User_One/.pico-sdk/sdk/2.1.1/src/rp2_common/pico_standard_binary_info/standard_binary_info.c.obj
 .binary_info.keep.__bi_ptr34
                0x1000182c        0x4 CMakeFiles/blink.dir/C_/Users/User_One/.pico-sdk/sdk/2.1.1/src/rp2_common/pico_standard_binary_info/standard_binary_info.c.obj
 .binary_info.keep.__bi_ptr26
                0x10001830        0x4 CMakeFiles/blink.dir/C_/Users/User_One/.pico-sdk/sdk/2.1.1/src/rp2_common/pico_standard_binary_info/standard_binary_info.c.obj
 *(.binary_info.*)
                0x10001834                        __binary_info_end = .

.rel.dyn        0x10001834        0x0
 .rel.iplt      0x10001834        0x0 C:/Users/USERON~1/PICO-S~1/TOOLCH~1/14_2_R~1/bin/../lib/gcc/arm-none-eabi/14.2.1/thumb/v6-m/nofp/crtbegin.o
                0x10001834                        . = ALIGN (0x4)

.ram_vector_table
                0x20000000       0xc0
 *(.ram_vector_table)
 .ram_vector_table
                0x20000000       0xc0 CMakeFiles/blink.dir/C_/Users/User_One/.pico-sdk/sdk/2.1.1/src/rp2_common/pico_runtime_init/runtime_init.c.obj
                0x20000000                ram_vector_table

.uninitialized_data
                0x200000c0        0x0
                0x200000c0                        . = ALIGN (0x4)
 *(.uninitialized_data*)

.data           0x200000c0      0x128 load address 0x10001834
                0x200000c0                        __data_start__ = .
 *(vtable)
 *(.time_critical*)
 .time_critical.mutex_try_enter_block_until
                0x200000c0       0x98 CMakeFiles/blink.dir/C_/Users/User_One/.pico-sdk/sdk/2.1.1/src/common/pico_sync/mutex.c.obj
                0x200000c0                mutex_try_enter_block_until
 .time_critical.mutex_exit
                0x20000158       0x28 CMakeFiles/blink.dir/C_/Users/User_One/.pico-sdk/sdk/2.1.1/src/common/pico_sync/mutex.c.obj
                0x20000158                mutex_exit
 *(.text*)
 .text          0x20000180        0x4 C:/Users/USERON~1/PICO-S~1/TOOLCH~1/14_2_R~1/bin/../lib/gcc/arm-none-eabi/14.2.1/thumb/v6-m/nofp\libgcc.a(_dvmd_tls.o)
                0x20000180                __aeabi_idiv0
                0x20000180                __aeabi_ldiv0
 *fill*         0x20000184        0x4 
 .text.__stub   0x20000188       0x10 linker stubs
                0x20000198                        . = ALIGN (0x4)
 *(.rodata*)
                0x20000198                        . = ALIGN (0x4)
 *(.data*)
 .data.striped_spin_lock_num
                0x20000198        0x1 CMakeFiles/blink.dir/C_/Users/User_One/.pico-sdk/sdk/2.1.1/src/rp2_common/hardware_sync/sync.c.obj
 *fill*         0x20000199        0x3 
 .data.default_alarm_pool
                0x2000019c       0x18 CMakeFiles/blink.dir/C_/Users/User_One/.pico-sdk/sdk/2.1.1/src/common/pico_time/time.c.obj
 *fill*         0x200001b4        0xc 
 .data.aeabi_bits_funcs
                0x200001c0       0x10 CMakeFiles/blink.dir/C_/Users/User_One/.pico-sdk/sdk/2.1.1/src/rp2_common/pico_bit_ops/bit_ops_aeabi.S.obj
                0x200001c0                aeabi_bits_funcs
                0x200001d0                aeabi_bits_funcs_end
 .data.aeabi_mem_funcs
                0x200001d0       0x10 CMakeFiles/blink.dir/C_/Users/User_One/.pico-sdk/sdk/2.1.1/src/rp2_common/pico_mem_ops/mem_ops_aeabi.S.obj
                0x200001d0                aeabi_mem_funcs
                0x200001e0                aeabi_mem_funcs_end
                0x200001e0                        . = ALIGN (0x4)
 *(.after_data.*)
                0x200001e0                        . = ALIGN (0x4)
                0x200001e0                        PROVIDE (__mutex_array_start = .)
 *(SORT_BY_NAME(.mutex_array.*))
 *(.mutex_array)
 .mutex_array   0x200001e0        0x8 CMakeFiles/blink.dir/C_/Users/User_One/.pico-sdk/sdk/2.1.1/src/rp2_common/pico_stdio/stdio.c.obj
                0x200001e8                        PROVIDE (__mutex_array_end = .)
                0x200001e8                        . = ALIGN (0x4)
 *(.jcr)
                0x200001e8                        . = ALIGN (0x4)

.tm_clone_table
                0x200001e8        0x0 load address 0x1000195c
 .tm_clone_table
                0x200001e8        0x0 C:/Users/USERON~1/PICO-S~1/TOOLCH~1/14_2_R~1/bin/../lib/gcc/arm-none-eabi/14.2.1/thumb/v6-m/nofp/crtbegin.o
 .tm_clone_table
                0x200001e8        0x0 C:/Users/USERON~1/PICO-S~1/TOOLCH~1/14_2_R~1/bin/../lib/gcc/arm-none-eabi/14.2.1/thumb/v6-m/nofp/crtend.o

.igot.plt       0x200001e8        0x0 load address 0x1000195c
 .igot.plt      0x200001e8        0x0 C:/Users/USERON~1/PICO-S~1/TOOLCH~1/14_2_R~1/bin/../lib/gcc/arm-none-eabi/14.2.1/thumb/v6-m/nofp/crtbegin.o

.tdata          0x200001e8        0x0 load address 0x1000195c
                0x200001e8                        . = ALIGN (0x4)
 *(.tdata .tdata.* .gnu.linkonce.td.*)
                0x200001e8                        __tdata_end = .
                0x200001e8                        PROVIDE (__data_end__ = .)
                0x10001834                        __etext = LOADADDR (.data)

.tbss           0x200001e8        0x0 load address 0x1000195c
                0x200001e8                        . = ALIGN (0x4)
                0x200001e8                        __bss_start__ = .
                0x200001e8                        __tls_base = .
 *(.tbss .tbss.* .gnu.linkonce.tb.*)
 *(.tcommon)
                0x200001e8                        __tls_end = .

.bss            0x200001e8      0x3e8 load address 0x1000195c
                0x200001e8                        . = ALIGN (0x4)
                0x200001e8                        __tbss_end = .
 *(SORT_BY_ALIGNMENT(SORT_BY_NAME(.bss*)))
 .bss.default_alarm_pool_entries
                0x200001e8      0x180 CMakeFiles/blink.dir/C_/Users/User_One/.pico-sdk/sdk/2.1.1/src/common/pico_time/time.c.obj
 .bss.sd_table  0x20000368      0x100 CMakeFiles/blink.dir/C_/Users/User_One/.pico-sdk/sdk/2.1.1/src/rp2_common/pico_double/double_init_rom_rp2040.c.obj
                0x20000368                sd_table
 .bss.sf_table  0x20000468      0x100 CMakeFiles/blink.dir/C_/Users/User_One/.pico-sdk/sdk/2.1.1/src/rp2_common/pico_float/float_init_rom_rp2040.c.obj
                0x20000468                sf_table
 .bss.claimed   0x20000568        0x1 CMakeFiles/blink.dir/C_/Users/User_One/.pico-sdk/sdk/2.1.1/src/rp2_common/hardware_timer/timer.c.obj
 *fill*         0x20000569        0x3 
 .bss.configured_freq
                0x2000056c       0x28 CMakeFiles/blink.dir/C_/Users/User_One/.pico-sdk/sdk/2.1.1/src/rp2_common/hardware_clocks/clocks.c.obj
 .bss.drivers   0x20000594        0x4 CMakeFiles/blink.dir/C_/Users/User_One/.pico-sdk/sdk/2.1.1/src/rp2_common/pico_stdio/stdio.c.obj
 .bss.filter    0x20000598        0x4 CMakeFiles/blink.dir/C_/Users/User_One/.pico-sdk/sdk/2.1.1/src/rp2_common/pico_stdio/stdio.c.obj
 .bss.lazy_vsnprintf
                0x2000059c        0x4 CMakeFiles/blink.dir/C_/Users/User_One/.pico-sdk/sdk/2.1.1/src/rp2_common/pico_printf/printf.c.obj
 .bss.object.0  0x200005a0       0x18 C:/Users/USERON~1/PICO-S~1/TOOLCH~1/14_2_R~1/bin/../lib/gcc/arm-none-eabi/14.2.1/thumb/v6-m/nofp/crtbegin.o
 .bss.pools     0x200005b8       0x10 CMakeFiles/blink.dir/C_/Users/User_One/.pico-sdk/sdk/2.1.1/src/common/pico_time/time.c.obj
 .bss.sf_clz_func
                0x200005c8        0x4 CMakeFiles/blink.dir/C_/Users/User_One/.pico-sdk/sdk/2.1.1/src/rp2_common/pico_double/double_init_rom_rp2040.c.obj
                0x200005c8                sf_clz_func
 .bss.sleep_notifier
                0x200005cc        0x4 CMakeFiles/blink.dir/C_/Users/User_One/.pico-sdk/sdk/2.1.1/src/common/pico_time/time.c.obj
 *(COMMON)
                0x200005d0                        . = ALIGN (0x4)
                0x200005d0                        __bss_end__ = .

.heap           0x200005d0      0x800 load address 0x1000195c
                0x200005d0                        __end__ = .
                0x200005d0                        end = __end__
 *(.heap*)
 .heap          0x200005d0      0x800 CMakeFiles/blink.dir/C_/Users/User_One/.pico-sdk/sdk/2.1.1/src/rp2_common/pico_crt0/crt0.S.obj
                0x20040000                        __HeapLimit = (ORIGIN (RAM) + LENGTH (RAM))

.scratch_x      0x20040000        0x0 load address 0x1000195c
                0x20040000                        __scratch_x_start__ = .
 *(.scratch_x.*)
                0x20040000                        . = ALIGN (0x4)
                0x20040000                        __scratch_x_end__ = .
                0x1000195c                        __scratch_x_source__ = LOADADDR (.scratch_x)

.scratch_y      0x20041000        0x0 load address 0x1000195c
                0x20041000                        __scratch_y_start__ = .
 *(.scratch_y.*)
                0x20041000                        . = ALIGN (0x4)
                0x20041000                        __scratch_y_end__ = .
                0x1000195c                        __scratch_y_source__ = LOADADDR (.scratch_y)

.stack1_dummy
 *(.stack1*)

.stack_dummy    0x20041000      0x800
 *(.stack*)
 .stack         0x20041000      0x800 CMakeFiles/blink.dir/C_/Users/User_One/.pico-sdk/sdk/2.1.1/src/rp2_common/pico_crt0/crt0.S.obj

.flash_end      0x1000195c        0x0
 *(.embedded_end_block*)
                0x1000195c                        PROVIDE (__flash_binary_end = .)
                0x20040000                        __StackLimit = (ORIGIN (RAM) + LENGTH (RAM))
                0x20041000                        __StackOneTop = (ORIGIN (SCRATCH_X) + LENGTH (SCRATCH_X))
                0x20042000                        __StackTop = (ORIGIN (SCRATCH_Y) + LENGTH (SCRATCH_Y))
                0x20041000                        __StackOneBottom = (__StackOneTop - SIZEOF (.stack1_dummy))
                0x20041800                        __StackBottom = (__StackTop - SIZEOF (.stack_dummy))
                0x20042000                        PROVIDE (__stack = __StackTop)
                [!provide]                        PROVIDE (__heap_start = __end__)
                [!provide]                        PROVIDE (__heap_end = __HeapLimit)
                [!provide]                        PROVIDE (__tls_align = MAX (ALIGNOF (.tdata), ALIGNOF (.tbss)))
                [!provide]                        PROVIDE (__tls_size_align = (((__tls_size + __tls_align) - 0x1) & ~ ((__tls_align - 0x1))))
                [!provide]                        PROVIDE (__arm32_tls_tcb_offset = MAX (0x8, __tls_align))
                [!provide]                        PROVIDE (_end = __end__)
                [!provide]                        PROVIDE (__llvm_libc_heap_limit = __HeapLimit)
                0x00000001                        ASSERT ((__StackLimit >= __HeapLimit), region RAM overflowed)
                0x00000001                        ASSERT (((__binary_info_header_end - __logical_binary_start) <= 0x100), Binary info must be in first 256 bytes of the binary)
LOAD CMakeFiles/blink.dir/blink.c.obj
LOAD CMakeFiles/blink.dir/C_/Users/User_One/.pico-sdk/sdk/2.1.1/src/rp2_common/pico_stdlib/stdlib.c.obj
LOAD CMakeFiles/blink.dir/C_/Users/User_One/.pico-sdk/sdk/2.1.1/src/rp2_common/hardware_gpio/gpio.c.obj
LOAD CMakeFiles/blink.dir/C_/Users/User_One/.pico-sdk/sdk/2.1.1/src/rp2040/pico_platform/platform.c.obj
LOAD CMakeFiles/blink.dir/C_/Users/User_One/.pico-sdk/sdk/2.1.1/src/rp2_common/pico_platform_panic/panic.c.obj
LOAD CMakeFiles/blink.dir/C_/Users/User_One/.pico-sdk/sdk/2.1.1/src/common/hardware_claim/claim.c.obj
LOAD CMakeFiles/blink.dir/C_/Users/User_One/.pico-sdk/sdk/2.1.1/src/rp2_common/hardware_sync/sync.c.obj
LOAD CMakeFiles/blink.dir/C_/Users/User_One/.pico-sdk/sdk/2.1.1/src/rp2_common/hardware_sync_spin_lock/sync_spin_lock.c.obj
LOAD CMakeFiles/blink.dir/C_/Users/User_One/.pico-sdk/sdk/2.1.1/src/rp2_common/hardware_irq/irq.c.obj
LOAD CMakeFiles/blink.dir/C_/Users/User_One/.pico-sdk/sdk/2.1.1/src/rp2_common/hardware_irq/irq_handler_chain.S.obj
LOAD CMakeFiles/blink.dir/C_/Users/User_One/.pico-sdk/sdk/2.1.1/src/common/pico_sync/sem.c.obj
LOAD CMakeFiles/blink.dir/C_/Users/User_One/.pico-sdk/sdk/2.1.1/src/common/pico_sync/lock_core.c.obj
LOAD CMakeFiles/blink.dir/C_/Users/User_One/.pico-sdk/sdk/2.1.1/src/common/pico_sync/mutex.c.obj
LOAD CMakeFiles/blink.dir/C_/Users/User_One/.pico-sdk/sdk/2.1.1/src/common/pico_sync/critical_section.c.obj
LOAD CMakeFiles/blink.dir/C_/Users/User_One/.pico-sdk/sdk/2.1.1/src/common/pico_time/time.c.obj
LOAD CMakeFiles/blink.dir/C_/Users/User_One/.pico-sdk/sdk/2.1.1/src/common/pico_time/timeout_helper.c.obj
LOAD CMakeFiles/blink.dir/C_/Users/User_One/.pico-sdk/sdk/2.1.1/src/rp2_common/hardware_timer/timer.c.obj
LOAD CMakeFiles/blink.dir/C_/Users/User_One/.pico-sdk/sdk/2.1.1/src/common/pico_util/datetime.c.obj
LOAD CMakeFiles/blink.dir/C_/Users/User_One/.pico-sdk/sdk/2.1.1/src/common/pico_util/pheap.c.obj
LOAD CMakeFiles/blink.dir/C_/Users/User_One/.pico-sdk/sdk/2.1.1/src/common/pico_util/queue.c.obj
LOAD CMakeFiles/blink.dir/C_/Users/User_One/.pico-sdk/sdk/2.1.1/src/rp2_common/hardware_uart/uart.c.obj
LOAD CMakeFiles/blink.dir/C_/Users/User_One/.pico-sdk/sdk/2.1.1/src/rp2_common/hardware_clocks/clocks.c.obj
LOAD CMakeFiles/blink.dir/C_/Users/User_One/.pico-sdk/sdk/2.1.1/src/rp2_common/hardware_pll/pll.c.obj
LOAD CMakeFiles/blink.dir/C_/Users/User_One/.pico-sdk/sdk/2.1.1/src/rp2_common/hardware_vreg/vreg.c.obj
LOAD CMakeFiles/blink.dir/C_/Users/User_One/.pico-sdk/sdk/2.1.1/src/rp2_common/hardware_watchdog/watchdog.c.obj
LOAD CMakeFiles/blink.dir/C_/Users/User_One/.pico-sdk/sdk/2.1.1/src/rp2_common/hardware_ticks/ticks.c.obj
LOAD CMakeFiles/blink.dir/C_/Users/User_One/.pico-sdk/sdk/2.1.1/src/rp2_common/pico_bootrom/bootrom.c.obj
LOAD CMakeFiles/blink.dir/C_/Users/User_One/.pico-sdk/sdk/2.1.1/src/rp2_common/pico_bootrom/bootrom_lock.c.obj
LOAD CMakeFiles/blink.dir/C_/Users/User_One/.pico-sdk/sdk/2.1.1/src/rp2_common/hardware_boot_lock/boot_lock.c.obj
LOAD CMakeFiles/blink.dir/C_/Users/User_One/.pico-sdk/sdk/2.1.1/src/rp2_common/pico_flash/flash.c.obj
LOAD CMakeFiles/blink.dir/C_/Users/User_One/.pico-sdk/sdk/2.1.1/src/rp2_common/hardware_xosc/xosc.c.obj
LOAD CMakeFiles/blink.dir/C_/Users/User_One/.pico-sdk/sdk/2.1.1/src/rp2_common/hardware_divider/divider.S.obj
LOAD CMakeFiles/blink.dir/C_/Users/User_One/.pico-sdk/sdk/2.1.1/src/rp2_common/pico_runtime/runtime.c.obj
LOAD CMakeFiles/blink.dir/C_/Users/User_One/.pico-sdk/sdk/2.1.1/src/rp2_common/pico_runtime_init/runtime_init.c.obj
LOAD CMakeFiles/blink.dir/C_/Users/User_One/.pico-sdk/sdk/2.1.1/src/rp2_common/pico_runtime_init/runtime_init_clocks.c.obj
LOAD CMakeFiles/blink.dir/C_/Users/User_One/.pico-sdk/sdk/2.1.1/src/rp2_common/pico_runtime_init/runtime_init_stack_guard.c.obj
LOAD CMakeFiles/blink.dir/C_/Users/User_One/.pico-sdk/sdk/2.1.1/src/rp2_common/pico_bit_ops/bit_ops_aeabi.S.obj
LOAD CMakeFiles/blink.dir/C_/Users/User_One/.pico-sdk/sdk/2.1.1/src/rp2_common/pico_divider/divider_hardware.S.obj
LOAD CMakeFiles/blink.dir/C_/Users/User_One/.pico-sdk/sdk/2.1.1/src/rp2_common/pico_double/double_aeabi_rp2040.S.obj
LOAD CMakeFiles/blink.dir/C_/Users/User_One/.pico-sdk/sdk/2.1.1/src/rp2_common/pico_double/double_init_rom_rp2040.c.obj
LOAD CMakeFiles/blink.dir/C_/Users/User_One/.pico-sdk/sdk/2.1.1/src/rp2_common/pico_double/double_math.c.obj
LOAD CMakeFiles/blink.dir/C_/Users/User_One/.pico-sdk/sdk/2.1.1/src/rp2_common/pico_double/double_v1_rom_shim_rp2040.S.obj
LOAD CMakeFiles/blink.dir/C_/Users/User_One/.pico-sdk/sdk/2.1.1/src/rp2_common/pico_int64_ops/pico_int64_ops_aeabi.S.obj
LOAD CMakeFiles/blink.dir/C_/Users/User_One/.pico-sdk/sdk/2.1.1/src/rp2_common/pico_float/float_aeabi_rp2040.S.obj
LOAD CMakeFiles/blink.dir/C_/Users/User_One/.pico-sdk/sdk/2.1.1/src/rp2_common/pico_float/float_init_rom_rp2040.c.obj
LOAD CMakeFiles/blink.dir/C_/Users/User_One/.pico-sdk/sdk/2.1.1/src/rp2_common/pico_float/float_math.c.obj
LOAD CMakeFiles/blink.dir/C_/Users/User_One/.pico-sdk/sdk/2.1.1/src/rp2_common/pico_float/float_v1_rom_shim_rp2040.S.obj
LOAD CMakeFiles/blink.dir/C_/Users/User_One/.pico-sdk/sdk/2.1.1/src/rp2_common/pico_malloc/malloc.c.obj
LOAD CMakeFiles/blink.dir/C_/Users/User_One/.pico-sdk/sdk/2.1.1/src/rp2_common/pico_mem_ops/mem_ops_aeabi.S.obj
LOAD CMakeFiles/blink.dir/C_/Users/User_One/.pico-sdk/sdk/2.1.1/src/rp2_common/pico_atomic/atomic.c.obj
LOAD CMakeFiles/blink.dir/C_/Users/User_One/.pico-sdk/sdk/2.1.1/src/rp2_common/pico_cxx_options/new_delete.cpp.obj
LOAD CMakeFiles/blink.dir/C_/Users/User_One/.pico-sdk/sdk/2.1.1/src/rp2_common/pico_standard_binary_info/standard_binary_info.c.obj
LOAD CMakeFiles/blink.dir/C_/Users/User_One/.pico-sdk/sdk/2.1.1/src/rp2_common/pico_printf/printf.c.obj
LOAD CMakeFiles/blink.dir/C_/Users/User_One/.pico-sdk/sdk/2.1.1/src/rp2_common/pico_crt0/crt0.S.obj
LOAD CMakeFiles/blink.dir/C_/Users/User_One/.pico-sdk/sdk/2.1.1/src/rp2_common/pico_clib_interface/newlib_interface.c.obj
LOAD CMakeFiles/blink.dir/C_/Users/User_One/.pico-sdk/sdk/2.1.1/src/rp2_common/pico_stdio/stdio.c.obj
LOAD CMakeFiles/blink.dir/C_/Users/User_One/.pico-sdk/sdk/2.1.1/src/rp2_common/pico_stdio_uart/stdio_uart.c.obj
LOAD pico-sdk/src/rp2040/boot_stage2/CMakeFiles/bs2_default_library.dir/./bs2_default_padded_checksummed.S.obj
LOAD C:/Users/USERON~1/PICO-S~1/TOOLCH~1/14_2_R~1/bin/../lib/gcc/arm-none-eabi/14.2.1/thumb/v6-m/nofp\libstdc++.a
LOAD C:/Users/USERON~1/PICO-S~1/TOOLCH~1/14_2_R~1/bin/../lib/gcc/arm-none-eabi/14.2.1/thumb/v6-m/nofp\libm.a
START GROUP
LOAD C:/Users/USERON~1/PICO-S~1/TOOLCH~1/14_2_R~1/bin/../lib/gcc/arm-none-eabi/14.2.1/thumb/v6-m/nofp\libgcc.a
LOAD C:/Users/USERON~1/PICO-S~1/TOOLCH~1/14_2_R~1/bin/../lib/gcc/arm-none-eabi/14.2.1/thumb/v6-m/nofp\libg.a
LOAD C:/Users/USERON~1/PICO-S~1/TOOLCH~1/14_2_R~1/bin/../lib/gcc/arm-none-eabi/14.2.1/thumb/v6-m/nofp\libc.a
END GROUP
START GROUP
LOAD C:/Users/USERON~1/PICO-S~1/TOOLCH~1/14_2_R~1/bin/../lib/gcc/arm-none-eabi/14.2.1/thumb/v6-m/nofp\libgcc.a
LOAD C:/Users/USERON~1/PICO-S~1/TOOLCH~1/14_2_R~1/bin/../lib/gcc/arm-none-eabi/14.2.1/thumb/v6-m/nofp\libc.a
LOAD C:/Users/USERON~1/PICO-S~1/TOOLCH~1/14_2_R~1/bin/../lib/gcc/arm-none-eabi/14.2.1/thumb/v6-m/nofp\libnosys.a
END GROUP
LOAD C:/Users/USERON~1/PICO-S~1/TOOLCH~1/14_2_R~1/bin/../lib/gcc/arm-none-eabi/14.2.1/thumb/v6-m/nofp/crtend.o
LOAD C:/Users/USERON~1/PICO-S~1/TOOLCH~1/14_2_R~1/bin/../lib/gcc/arm-none-eabi/14.2.1/thumb/v6-m/nofp/crtn.o
OUTPUT(blink.elf elf32-littlearm)
LOAD linker stubs

.ARM.attributes
                0x00000000       0x28
 .ARM.attributes
                0x00000000       0x1e C:/Users/USERON~1/PICO-S~1/TOOLCH~1/14_2_R~1/bin/../lib/gcc/arm-none-eabi/14.2.1/thumb/v6-m/nofp/crti.o
 .ARM.attributes
                0x0000001e       0x2c C:/Users/USERON~1/PICO-S~1/TOOLCH~1/14_2_R~1/bin/../lib/gcc/arm-none-eabi/14.2.1/thumb/v6-m/nofp/crtbegin.o
 .ARM.attributes
                0x0000004a       0x2c CMakeFiles/blink.dir/blink.c.obj
 .ARM.attributes
                0x00000076       0x2c CMakeFiles/blink.dir/C_/Users/User_One/.pico-sdk/sdk/2.1.1/src/rp2_common/hardware_gpio/gpio.c.obj
 .ARM.attributes
                0x000000a2       0x2c CMakeFiles/blink.dir/C_/Users/User_One/.pico-sdk/sdk/2.1.1/src/rp2_common/pico_platform_panic/panic.c.obj
 .ARM.attributes
                0x000000ce       0x2c CMakeFiles/blink.dir/C_/Users/User_One/.pico-sdk/sdk/2.1.1/src/common/hardware_claim/claim.c.obj
 .ARM.attributes
                0x000000fa       0x2c CMakeFiles/blink.dir/C_/Users/User_One/.pico-sdk/sdk/2.1.1/src/rp2_common/hardware_sync/sync.c.obj
 .ARM.attributes
                0x00000126       0x2c CMakeFiles/blink.dir/C_/Users/User_One/.pico-sdk/sdk/2.1.1/src/rp2_common/hardware_sync_spin_lock/sync_spin_lock.c.obj
 .ARM.attributes
                0x00000152       0x2c CMakeFiles/blink.dir/C_/Users/User_One/.pico-sdk/sdk/2.1.1/src/rp2_common/hardware_irq/irq.c.obj
 .ARM.attributes
                0x0000017e       0x2c CMakeFiles/blink.dir/C_/Users/User_One/.pico-sdk/sdk/2.1.1/src/common/pico_sync/lock_core.c.obj
 .ARM.attributes
                0x000001aa       0x2c CMakeFiles/blink.dir/C_/Users/User_One/.pico-sdk/sdk/2.1.1/src/common/pico_sync/mutex.c.obj
 .ARM.attributes
                0x000001d6       0x2c CMakeFiles/blink.dir/C_/Users/User_One/.pico-sdk/sdk/2.1.1/src/common/pico_time/time.c.obj
 .ARM.attributes
                0x00000202       0x2c CMakeFiles/blink.dir/C_/Users/User_One/.pico-sdk/sdk/2.1.1/src/rp2_common/hardware_timer/timer.c.obj
 .ARM.attributes
                0x0000022e       0x2c CMakeFiles/blink.dir/C_/Users/User_One/.pico-sdk/sdk/2.1.1/src/rp2_common/hardware_clocks/clocks.c.obj
 .ARM.attributes
                0x0000025a       0x2c CMakeFiles/blink.dir/C_/Users/User_One/.pico-sdk/sdk/2.1.1/src/rp2_common/hardware_pll/pll.c.obj
 .ARM.attributes
                0x00000286       0x2c CMakeFiles/blink.dir/C_/Users/User_One/.pico-sdk/sdk/2.1.1/src/rp2_common/hardware_ticks/ticks.c.obj
 .ARM.attributes
                0x000002b2       0x2c CMakeFiles/blink.dir/C_/Users/User_One/.pico-sdk/sdk/2.1.1/src/rp2_common/pico_bootrom/bootrom.c.obj
 .ARM.attributes
                0x000002de       0x2c CMakeFiles/blink.dir/C_/Users/User_One/.pico-sdk/sdk/2.1.1/src/rp2_common/hardware_xosc/xosc.c.obj
 .ARM.attributes
                0x0000030a       0x2c CMakeFiles/blink.dir/C_/Users/User_One/.pico-sdk/sdk/2.1.1/src/rp2_common/pico_runtime/runtime.c.obj
 .ARM.attributes
                0x00000336       0x2c CMakeFiles/blink.dir/C_/Users/User_One/.pico-sdk/sdk/2.1.1/src/rp2_common/pico_runtime_init/runtime_init.c.obj
 .ARM.attributes
                0x00000362       0x2c CMakeFiles/blink.dir/C_/Users/User_One/.pico-sdk/sdk/2.1.1/src/rp2_common/pico_runtime_init/runtime_init_clocks.c.obj
 .ARM.attributes
                0x0000038e       0x22 CMakeFiles/blink.dir/C_/Users/User_One/.pico-sdk/sdk/2.1.1/src/rp2_common/pico_bit_ops/bit_ops_aeabi.S.obj
 .ARM.attributes
                0x000003b0       0x22 CMakeFiles/blink.dir/C_/Users/User_One/.pico-sdk/sdk/2.1.1/src/rp2_common/pico_divider/divider_hardware.S.obj
 .ARM.attributes
                0x000003d2       0x22 CMakeFiles/blink.dir/C_/Users/User_One/.pico-sdk/sdk/2.1.1/src/rp2_common/pico_double/double_aeabi_rp2040.S.obj
 .ARM.attributes
                0x000003f4       0x2c CMakeFiles/blink.dir/C_/Users/User_One/.pico-sdk/sdk/2.1.1/src/rp2_common/pico_double/double_init_rom_rp2040.c.obj
 .ARM.attributes
                0x00000420       0x22 CMakeFiles/blink.dir/C_/Users/User_One/.pico-sdk/sdk/2.1.1/src/rp2_common/pico_double/double_v1_rom_shim_rp2040.S.obj
 .ARM.attributes
                0x00000442       0x22 CMakeFiles/blink.dir/C_/Users/User_One/.pico-sdk/sdk/2.1.1/src/rp2_common/pico_int64_ops/pico_int64_ops_aeabi.S.obj
 .ARM.attributes
                0x00000464       0x22 CMakeFiles/blink.dir/C_/Users/User_One/.pico-sdk/sdk/2.1.1/src/rp2_common/pico_float/float_aeabi_rp2040.S.obj
 .ARM.attributes
                0x00000486       0x2c CMakeFiles/blink.dir/C_/Users/User_One/.pico-sdk/sdk/2.1.1/src/rp2_common/pico_float/float_init_rom_rp2040.c.obj
 .ARM.attributes
                0x000004b2       0x22 CMakeFiles/blink.dir/C_/Users/User_One/.pico-sdk/sdk/2.1.1/src/rp2_common/pico_float/float_v1_rom_shim_rp2040.S.obj
 .ARM.attributes
                0x000004d4       0x22 CMakeFiles/blink.dir/C_/Users/User_One/.pico-sdk/sdk/2.1.1/src/rp2_common/pico_mem_ops/mem_ops_aeabi.S.obj
 .ARM.attributes
                0x000004f6       0x2c CMakeFiles/blink.dir/C_/Users/User_One/.pico-sdk/sdk/2.1.1/src/rp2_common/pico_standard_binary_info/standard_binary_info.c.obj
 .ARM.attributes
                0x00000522       0x2c CMakeFiles/blink.dir/C_/Users/User_One/.pico-sdk/sdk/2.1.1/src/rp2_common/pico_printf/printf.c.obj
 .ARM.attributes
                0x0000054e       0x22 CMakeFiles/blink.dir/C_/Users/User_One/.pico-sdk/sdk/2.1.1/src/rp2_common/pico_crt0/crt0.S.obj
 .ARM.attributes
                0x00000570       0x2c CMakeFiles/blink.dir/C_/Users/User_One/.pico-sdk/sdk/2.1.1/src/rp2_common/pico_clib_interface/newlib_interface.c.obj
 .ARM.attributes
                0x0000059c       0x2c CMakeFiles/blink.dir/C_/Users/User_One/.pico-sdk/sdk/2.1.1/src/rp2_common/pico_stdio/stdio.c.obj
 .ARM.attributes
                0x000005c8       0x22 pico-sdk/src/rp2040/boot_stage2/CMakeFiles/bs2_default_library.dir/./bs2_default_padded_checksummed.S.obj
 .ARM.attributes
                0x000005ea       0x1e C:/Users/USERON~1/PICO-S~1/TOOLCH~1/14_2_R~1/bin/../lib/gcc/arm-none-eabi/14.2.1/thumb/v6-m/nofp\libgcc.a(_dvmd_tls.o)
 .ARM.attributes
                0x00000608       0x2c C:/Users/USERON~1/PICO-S~1/TOOLCH~1/14_2_R~1/bin/../lib/gcc/arm-none-eabi/14.2.1/thumb/v6-m/nofp\libg.a(libc_a-strlen-stub.o)
 .ARM.attributes
                0x00000634       0x2c C:/Users/USERON~1/PICO-S~1/TOOLCH~1/14_2_R~1/bin/../lib/gcc/arm-none-eabi/14.2.1/thumb/v6-m/nofp/crtend.o

.comment        0x00000000       0x45
 .comment       0x00000000       0x45 CMakeFiles/blink.dir/blink.c.obj
                                 0x46 (size before relaxing)
 .comment       0x00000045       0x46 CMakeFiles/blink.dir/C_/Users/User_One/.pico-sdk/sdk/2.1.1/src/rp2_common/hardware_gpio/gpio.c.obj
 .comment       0x00000045       0x46 CMakeFiles/blink.dir/C_/Users/User_One/.pico-sdk/sdk/2.1.1/src/rp2_common/pico_platform_panic/panic.c.obj
 .comment       0x00000045       0x46 CMakeFiles/blink.dir/C_/Users/User_One/.pico-sdk/sdk/2.1.1/src/common/hardware_claim/claim.c.obj
 .comment       0x00000045       0x46 CMakeFiles/blink.dir/C_/Users/User_One/.pico-sdk/sdk/2.1.1/src/rp2_common/hardware_sync/sync.c.obj
 .comment       0x00000045       0x46 CMakeFiles/blink.dir/C_/Users/User_One/.pico-sdk/sdk/2.1.1/src/rp2_common/hardware_sync_spin_lock/sync_spin_lock.c.obj
 .comment       0x00000045       0x46 CMakeFiles/blink.dir/C_/Users/User_One/.pico-sdk/sdk/2.1.1/src/rp2_common/hardware_irq/irq.c.obj
 .comment       0x00000045       0x46 CMakeFiles/blink.dir/C_/Users/User_One/.pico-sdk/sdk/2.1.1/src/common/pico_sync/lock_core.c.obj
 .comment       0x00000045       0x46 CMakeFiles/blink.dir/C_/Users/User_One/.pico-sdk/sdk/2.1.1/src/common/pico_sync/mutex.c.obj
 .comment       0x00000045       0x46 CMakeFiles/blink.dir/C_/Users/User_One/.pico-sdk/sdk/2.1.1/src/common/pico_time/time.c.obj
 .comment       0x00000045       0x46 CMakeFiles/blink.dir/C_/Users/User_One/.pico-sdk/sdk/2.1.1/src/rp2_common/hardware_timer/timer.c.obj
 .comment       0x00000045       0x46 CMakeFiles/blink.dir/C_/Users/User_One/.pico-sdk/sdk/2.1.1/src/rp2_common/hardware_clocks/clocks.c.obj
 .comment       0x00000045       0x46 CMakeFiles/blink.dir/C_/Users/User_One/.pico-sdk/sdk/2.1.1/src/rp2_common/hardware_pll/pll.c.obj
 .comment       0x00000045       0x46 CMakeFiles/blink.dir/C_/Users/User_One/.pico-sdk/sdk/2.1.1/src/rp2_common/hardware_ticks/ticks.c.obj
 .comment       0x00000045       0x46 CMakeFiles/blink.dir/C_/Users/User_One/.pico-sdk/sdk/2.1.1/src/rp2_common/pico_bootrom/bootrom.c.obj
 .comment       0x00000045       0x46 CMakeFiles/blink.dir/C_/Users/User_One/.pico-sdk/sdk/2.1.1/src/rp2_common/hardware_xosc/xosc.c.obj
 .comment       0x00000045       0x46 CMakeFiles/blink.dir/C_/Users/User_One/.pico-sdk/sdk/2.1.1/src/rp2_common/pico_runtime/runtime.c.obj
 .comment       0x00000045       0x46 CMakeFiles/blink.dir/C_/Users/User_One/.pico-sdk/sdk/2.1.1/src/rp2_common/pico_runtime_init/runtime_init.c.obj
 .comment       0x00000045       0x46 CMakeFiles/blink.dir/C_/Users/User_One/.pico-sdk/sdk/2.1.1/src/rp2_common/pico_runtime_init/runtime_init_clocks.c.obj
 .comment       0x00000045       0x46 CMakeFiles/blink.dir/C_/Users/User_One/.pico-sdk/sdk/2.1.1/src/rp2_common/pico_double/double_init_rom_rp2040.c.obj
 .comment       0x00000045       0x46 CMakeFiles/blink.dir/C_/Users/User_One/.pico-sdk/sdk/2.1.1/src/rp2_common/pico_float/float_init_rom_rp2040.c.obj
 .comment       0x00000045       0x46 CMakeFiles/blink.dir/C_/Users/User_One/.pico-sdk/sdk/2.1.1/src/rp2_common/pico_standard_binary_info/standard_binary_info.c.obj
 .comment       0x00000045       0x46 CMakeFiles/blink.dir/C_/Users/User_One/.pico-sdk/sdk/2.1.1/src/rp2_common/pico_printf/printf.c.obj
 .comment       0x00000045       0x46 CMakeFiles/blink.dir/C_/Users/User_One/.pico-sdk/sdk/2.1.1/src/rp2_common/pico_clib_interface/newlib_interface.c.obj
 .comment       0x00000045       0x46 CMakeFiles/blink.dir/C_/Users/User_One/.pico-sdk/sdk/2.1.1/src/rp2_common/pico_stdio/stdio.c.obj

.debug_info     0x00000000    0x1a2d9
 .debug_info    0x00000000      0x72b CMakeFiles/blink.dir/blink.c.obj
 .debug_info    0x0000072b     0x242d CMakeFiles/blink.dir/C_/Users/User_One/.pico-sdk/sdk/2.1.1/src/rp2_common/hardware_gpio/gpio.c.obj
 .debug_info    0x00002b58      0x1bf CMakeFiles/blink.dir/C_/Users/User_One/.pico-sdk/sdk/2.1.1/src/rp2_common/pico_platform_panic/panic.c.obj
 .debug_info    0x00002d17      0x9a1 CMakeFiles/blink.dir/C_/Users/User_One/.pico-sdk/sdk/2.1.1/src/common/hardware_claim/claim.c.obj
 .debug_info    0x000036b8      0x45c CMakeFiles/blink.dir/C_/Users/User_One/.pico-sdk/sdk/2.1.1/src/rp2_common/hardware_sync/sync.c.obj
 .debug_info    0x00003b14      0x245 CMakeFiles/blink.dir/C_/Users/User_One/.pico-sdk/sdk/2.1.1/src/rp2_common/hardware_sync_spin_lock/sync_spin_lock.c.obj
 .debug_info    0x00003d59     0x220f CMakeFiles/blink.dir/C_/Users/User_One/.pico-sdk/sdk/2.1.1/src/rp2_common/hardware_irq/irq.c.obj
 .debug_info    0x00005f68      0x15f CMakeFiles/blink.dir/C_/Users/User_One/.pico-sdk/sdk/2.1.1/src/common/pico_sync/lock_core.c.obj
 .debug_info    0x000060c7     0x27f1 CMakeFiles/blink.dir/C_/Users/User_One/.pico-sdk/sdk/2.1.1/src/common/pico_sync/mutex.c.obj
 .debug_info    0x000088b8     0x5036 CMakeFiles/blink.dir/C_/Users/User_One/.pico-sdk/sdk/2.1.1/src/common/pico_time/time.c.obj
 .debug_info    0x0000d8ee     0x2b13 CMakeFiles/blink.dir/C_/Users/User_One/.pico-sdk/sdk/2.1.1/src/rp2_common/hardware_timer/timer.c.obj
 .debug_info    0x00010401     0x2991 CMakeFiles/blink.dir/C_/Users/User_One/.pico-sdk/sdk/2.1.1/src/rp2_common/hardware_clocks/clocks.c.obj
 .debug_info    0x00012d92      0x4e5 CMakeFiles/blink.dir/C_/Users/User_One/.pico-sdk/sdk/2.1.1/src/rp2_common/hardware_pll/pll.c.obj
 .debug_info    0x00013277      0x248 CMakeFiles/blink.dir/C_/Users/User_One/.pico-sdk/sdk/2.1.1/src/rp2_common/hardware_ticks/ticks.c.obj
 .debug_info    0x000134bf      0x678 CMakeFiles/blink.dir/C_/Users/User_One/.pico-sdk/sdk/2.1.1/src/rp2_common/pico_bootrom/bootrom.c.obj
 .debug_info    0x00013b37      0x1d0 CMakeFiles/blink.dir/C_/Users/User_One/.pico-sdk/sdk/2.1.1/src/rp2_common/hardware_xosc/xosc.c.obj
 .debug_info    0x00013d07      0x21a CMakeFiles/blink.dir/C_/Users/User_One/.pico-sdk/sdk/2.1.1/src/rp2_common/pico_runtime/runtime.c.obj
 .debug_info    0x00013f21      0x795 CMakeFiles/blink.dir/C_/Users/User_One/.pico-sdk/sdk/2.1.1/src/rp2_common/pico_runtime_init/runtime_init.c.obj
 .debug_info    0x000146b6      0x781 CMakeFiles/blink.dir/C_/Users/User_One/.pico-sdk/sdk/2.1.1/src/rp2_common/pico_runtime_init/runtime_init_clocks.c.obj
 .debug_info    0x00014e37       0x23 CMakeFiles/blink.dir/C_/Users/User_One/.pico-sdk/sdk/2.1.1/src/rp2_common/pico_bit_ops/bit_ops_aeabi.S.obj
 .debug_info    0x00014e5a       0x23 CMakeFiles/blink.dir/C_/Users/User_One/.pico-sdk/sdk/2.1.1/src/rp2_common/pico_divider/divider_hardware.S.obj
 .debug_info    0x00014e7d       0x23 CMakeFiles/blink.dir/C_/Users/User_One/.pico-sdk/sdk/2.1.1/src/rp2_common/pico_double/double_aeabi_rp2040.S.obj
 .debug_info    0x00014ea0      0x27e CMakeFiles/blink.dir/C_/Users/User_One/.pico-sdk/sdk/2.1.1/src/rp2_common/pico_double/double_init_rom_rp2040.c.obj
 .debug_info    0x0001511e       0x23 CMakeFiles/blink.dir/C_/Users/User_One/.pico-sdk/sdk/2.1.1/src/rp2_common/pico_double/double_v1_rom_shim_rp2040.S.obj
 .debug_info    0x00015141       0x24 CMakeFiles/blink.dir/C_/Users/User_One/.pico-sdk/sdk/2.1.1/src/rp2_common/pico_int64_ops/pico_int64_ops_aeabi.S.obj
 .debug_info    0x00015165       0x23 CMakeFiles/blink.dir/C_/Users/User_One/.pico-sdk/sdk/2.1.1/src/rp2_common/pico_float/float_aeabi_rp2040.S.obj
 .debug_info    0x00015188      0x27e CMakeFiles/blink.dir/C_/Users/User_One/.pico-sdk/sdk/2.1.1/src/rp2_common/pico_float/float_init_rom_rp2040.c.obj
 .debug_info    0x00015406       0x23 CMakeFiles/blink.dir/C_/Users/User_One/.pico-sdk/sdk/2.1.1/src/rp2_common/pico_float/float_v1_rom_shim_rp2040.S.obj
 .debug_info    0x00015429       0x23 CMakeFiles/blink.dir/C_/Users/User_One/.pico-sdk/sdk/2.1.1/src/rp2_common/pico_mem_ops/mem_ops_aeabi.S.obj
 .debug_info    0x0001544c      0x2b8 CMakeFiles/blink.dir/C_/Users/User_One/.pico-sdk/sdk/2.1.1/src/rp2_common/pico_standard_binary_info/standard_binary_info.c.obj
 .debug_info    0x00015704     0x22f2 CMakeFiles/blink.dir/C_/Users/User_One/.pico-sdk/sdk/2.1.1/src/rp2_common/pico_printf/printf.c.obj
 .debug_info    0x000179f6       0x23 CMakeFiles/blink.dir/C_/Users/User_One/.pico-sdk/sdk/2.1.1/src/rp2_common/pico_crt0/crt0.S.obj
 .debug_info    0x00017a19      0xb54 CMakeFiles/blink.dir/C_/Users/User_One/.pico-sdk/sdk/2.1.1/src/rp2_common/pico_clib_interface/newlib_interface.c.obj
 .debug_info    0x0001856d     0x1d6c CMakeFiles/blink.dir/C_/Users/User_One/.pico-sdk/sdk/2.1.1/src/rp2_common/pico_stdio/stdio.c.obj

.debug_abbrev   0x00000000     0x49a0
 .debug_abbrev  0x00000000      0x1ee CMakeFiles/blink.dir/blink.c.obj
 .debug_abbrev  0x000001ee      0x50e CMakeFiles/blink.dir/C_/Users/User_One/.pico-sdk/sdk/2.1.1/src/rp2_common/hardware_gpio/gpio.c.obj
 .debug_abbrev  0x000006fc      0x12b CMakeFiles/blink.dir/C_/Users/User_One/.pico-sdk/sdk/2.1.1/src/rp2_common/pico_platform_panic/panic.c.obj
 .debug_abbrev  0x00000827      0x328 CMakeFiles/blink.dir/C_/Users/User_One/.pico-sdk/sdk/2.1.1/src/common/hardware_claim/claim.c.obj
 .debug_abbrev  0x00000b4f      0x20f CMakeFiles/blink.dir/C_/Users/User_One/.pico-sdk/sdk/2.1.1/src/rp2_common/hardware_sync/sync.c.obj
 .debug_abbrev  0x00000d5e      0x1bb CMakeFiles/blink.dir/C_/Users/User_One/.pico-sdk/sdk/2.1.1/src/rp2_common/hardware_sync_spin_lock/sync_spin_lock.c.obj
 .debug_abbrev  0x00000f19      0x614 CMakeFiles/blink.dir/C_/Users/User_One/.pico-sdk/sdk/2.1.1/src/rp2_common/hardware_irq/irq.c.obj
 .debug_abbrev  0x0000152d       0xee CMakeFiles/blink.dir/C_/Users/User_One/.pico-sdk/sdk/2.1.1/src/common/pico_sync/lock_core.c.obj
 .debug_abbrev  0x0000161b      0x48c CMakeFiles/blink.dir/C_/Users/User_One/.pico-sdk/sdk/2.1.1/src/common/pico_sync/mutex.c.obj
 .debug_abbrev  0x00001aa7      0x659 CMakeFiles/blink.dir/C_/Users/User_One/.pico-sdk/sdk/2.1.1/src/common/pico_time/time.c.obj
 .debug_abbrev  0x00002100      0x4f2 CMakeFiles/blink.dir/C_/Users/User_One/.pico-sdk/sdk/2.1.1/src/rp2_common/hardware_timer/timer.c.obj
 .debug_abbrev  0x000025f2      0x4eb CMakeFiles/blink.dir/C_/Users/User_One/.pico-sdk/sdk/2.1.1/src/rp2_common/hardware_clocks/clocks.c.obj
 .debug_abbrev  0x00002add      0x1d2 CMakeFiles/blink.dir/C_/Users/User_One/.pico-sdk/sdk/2.1.1/src/rp2_common/hardware_pll/pll.c.obj
 .debug_abbrev  0x00002caf      0x145 CMakeFiles/blink.dir/C_/Users/User_One/.pico-sdk/sdk/2.1.1/src/rp2_common/hardware_ticks/ticks.c.obj
 .debug_abbrev  0x00002df4      0x1bc CMakeFiles/blink.dir/C_/Users/User_One/.pico-sdk/sdk/2.1.1/src/rp2_common/pico_bootrom/bootrom.c.obj
 .debug_abbrev  0x00002fb0      0x11d CMakeFiles/blink.dir/C_/Users/User_One/.pico-sdk/sdk/2.1.1/src/rp2_common/hardware_xosc/xosc.c.obj
 .debug_abbrev  0x000030cd      0x182 CMakeFiles/blink.dir/C_/Users/User_One/.pico-sdk/sdk/2.1.1/src/rp2_common/pico_runtime/runtime.c.obj
 .debug_abbrev  0x0000324f      0x222 CMakeFiles/blink.dir/C_/Users/User_One/.pico-sdk/sdk/2.1.1/src/rp2_common/pico_runtime_init/runtime_init.c.obj
 .debug_abbrev  0x00003471      0x2af CMakeFiles/blink.dir/C_/Users/User_One/.pico-sdk/sdk/2.1.1/src/rp2_common/pico_runtime_init/runtime_init_clocks.c.obj
 .debug_abbrev  0x00003720       0x12 CMakeFiles/blink.dir/C_/Users/User_One/.pico-sdk/sdk/2.1.1/src/rp2_common/pico_bit_ops/bit_ops_aeabi.S.obj
 .debug_abbrev  0x00003732       0x12 CMakeFiles/blink.dir/C_/Users/User_One/.pico-sdk/sdk/2.1.1/src/rp2_common/pico_divider/divider_hardware.S.obj
 .debug_abbrev  0x00003744       0x12 CMakeFiles/blink.dir/C_/Users/User_One/.pico-sdk/sdk/2.1.1/src/rp2_common/pico_double/double_aeabi_rp2040.S.obj
 .debug_abbrev  0x00003756      0x17a CMakeFiles/blink.dir/C_/Users/User_One/.pico-sdk/sdk/2.1.1/src/rp2_common/pico_double/double_init_rom_rp2040.c.obj
 .debug_abbrev  0x000038d0       0x12 CMakeFiles/blink.dir/C_/Users/User_One/.pico-sdk/sdk/2.1.1/src/rp2_common/pico_double/double_v1_rom_shim_rp2040.S.obj
 .debug_abbrev  0x000038e2       0x14 CMakeFiles/blink.dir/C_/Users/User_One/.pico-sdk/sdk/2.1.1/src/rp2_common/pico_int64_ops/pico_int64_ops_aeabi.S.obj
 .debug_abbrev  0x000038f6       0x12 CMakeFiles/blink.dir/C_/Users/User_One/.pico-sdk/sdk/2.1.1/src/rp2_common/pico_float/float_aeabi_rp2040.S.obj
 .debug_abbrev  0x00003908      0x173 CMakeFiles/blink.dir/C_/Users/User_One/.pico-sdk/sdk/2.1.1/src/rp2_common/pico_float/float_init_rom_rp2040.c.obj
 .debug_abbrev  0x00003a7b       0x12 CMakeFiles/blink.dir/C_/Users/User_One/.pico-sdk/sdk/2.1.1/src/rp2_common/pico_float/float_v1_rom_shim_rp2040.S.obj
 .debug_abbrev  0x00003a8d       0x12 CMakeFiles/blink.dir/C_/Users/User_One/.pico-sdk/sdk/2.1.1/src/rp2_common/pico_mem_ops/mem_ops_aeabi.S.obj
 .debug_abbrev  0x00003a9f       0xb8 CMakeFiles/blink.dir/C_/Users/User_One/.pico-sdk/sdk/2.1.1/src/rp2_common/pico_standard_binary_info/standard_binary_info.c.obj
 .debug_abbrev  0x00003b57      0x50c CMakeFiles/blink.dir/C_/Users/User_One/.pico-sdk/sdk/2.1.1/src/rp2_common/pico_printf/printf.c.obj
 .debug_abbrev  0x00004063       0x12 CMakeFiles/blink.dir/C_/Users/User_One/.pico-sdk/sdk/2.1.1/src/rp2_common/pico_crt0/crt0.S.obj
 .debug_abbrev  0x00004075      0x352 CMakeFiles/blink.dir/C_/Users/User_One/.pico-sdk/sdk/2.1.1/src/rp2_common/pico_clib_interface/newlib_interface.c.obj
 .debug_abbrev  0x000043c7      0x5d9 CMakeFiles/blink.dir/C_/Users/User_One/.pico-sdk/sdk/2.1.1/src/rp2_common/pico_stdio/stdio.c.obj

.debug_loclists
                0x00000000     0xfc0b
 .debug_loclists
                0x00000000      0x144 CMakeFiles/blink.dir/blink.c.obj
 .debug_loclists
                0x00000144     0x1ac0 CMakeFiles/blink.dir/C_/Users/User_One/.pico-sdk/sdk/2.1.1/src/rp2_common/hardware_gpio/gpio.c.obj
 .debug_loclists
                0x00001c04      0x349 CMakeFiles/blink.dir/C_/Users/User_One/.pico-sdk/sdk/2.1.1/src/common/hardware_claim/claim.c.obj
 .debug_loclists
                0x00001f4d      0x108 CMakeFiles/blink.dir/C_/Users/User_One/.pico-sdk/sdk/2.1.1/src/rp2_common/hardware_sync/sync.c.obj
 .debug_loclists
                0x00002055       0x7d CMakeFiles/blink.dir/C_/Users/User_One/.pico-sdk/sdk/2.1.1/src/rp2_common/hardware_sync_spin_lock/sync_spin_lock.c.obj
 .debug_loclists
                0x000020d2     0x11ed CMakeFiles/blink.dir/C_/Users/User_One/.pico-sdk/sdk/2.1.1/src/rp2_common/hardware_irq/irq.c.obj
 .debug_loclists
                0x000032bf       0x41 CMakeFiles/blink.dir/C_/Users/User_One/.pico-sdk/sdk/2.1.1/src/common/pico_sync/lock_core.c.obj
 .debug_loclists
                0x00003300      0xaec CMakeFiles/blink.dir/C_/Users/User_One/.pico-sdk/sdk/2.1.1/src/common/pico_sync/mutex.c.obj
 .debug_loclists
                0x00003dec     0x27d7 CMakeFiles/blink.dir/C_/Users/User_One/.pico-sdk/sdk/2.1.1/src/common/pico_time/time.c.obj
 .debug_loclists
                0x000065c3     0x19f6 CMakeFiles/blink.dir/C_/Users/User_One/.pico-sdk/sdk/2.1.1/src/rp2_common/hardware_timer/timer.c.obj
 .debug_loclists
                0x00007fb9     0x2b6f CMakeFiles/blink.dir/C_/Users/User_One/.pico-sdk/sdk/2.1.1/src/rp2_common/hardware_clocks/clocks.c.obj
 .debug_loclists
                0x0000ab28      0x1e0 CMakeFiles/blink.dir/C_/Users/User_One/.pico-sdk/sdk/2.1.1/src/rp2_common/hardware_pll/pll.c.obj
 .debug_loclists
                0x0000ad08       0x47 CMakeFiles/blink.dir/C_/Users/User_One/.pico-sdk/sdk/2.1.1/src/rp2_common/hardware_ticks/ticks.c.obj
 .debug_loclists
                0x0000ad4f      0x351 CMakeFiles/blink.dir/C_/Users/User_One/.pico-sdk/sdk/2.1.1/src/rp2_common/pico_bootrom/bootrom.c.obj
 .debug_loclists
                0x0000b0a0       0x48 CMakeFiles/blink.dir/C_/Users/User_One/.pico-sdk/sdk/2.1.1/src/rp2_common/hardware_xosc/xosc.c.obj
 .debug_loclists
                0x0000b0e8       0x7e CMakeFiles/blink.dir/C_/Users/User_One/.pico-sdk/sdk/2.1.1/src/rp2_common/pico_runtime/runtime.c.obj
 .debug_loclists
                0x0000b166       0xba CMakeFiles/blink.dir/C_/Users/User_One/.pico-sdk/sdk/2.1.1/src/rp2_common/pico_runtime_init/runtime_init.c.obj
 .debug_loclists
                0x0000b220       0x74 CMakeFiles/blink.dir/C_/Users/User_One/.pico-sdk/sdk/2.1.1/src/rp2_common/pico_runtime_init/runtime_init_clocks.c.obj
 .debug_loclists
                0x0000b294       0x3d CMakeFiles/blink.dir/C_/Users/User_One/.pico-sdk/sdk/2.1.1/src/rp2_common/pico_double/double_init_rom_rp2040.c.obj
 .debug_loclists
                0x0000b2d1       0x59 CMakeFiles/blink.dir/C_/Users/User_One/.pico-sdk/sdk/2.1.1/src/rp2_common/pico_float/float_init_rom_rp2040.c.obj
 .debug_loclists
                0x0000b32a     0x355f CMakeFiles/blink.dir/C_/Users/User_One/.pico-sdk/sdk/2.1.1/src/rp2_common/pico_printf/printf.c.obj
 .debug_loclists
                0x0000e889      0x431 CMakeFiles/blink.dir/C_/Users/User_One/.pico-sdk/sdk/2.1.1/src/rp2_common/pico_clib_interface/newlib_interface.c.obj
 .debug_loclists
                0x0000ecba      0xf51 CMakeFiles/blink.dir/C_/Users/User_One/.pico-sdk/sdk/2.1.1/src/rp2_common/pico_stdio/stdio.c.obj

.debug_aranges  0x00000000      0xe68
 .debug_aranges
                0x00000000       0x20 CMakeFiles/blink.dir/blink.c.obj
 .debug_aranges
                0x00000020      0x120 CMakeFiles/blink.dir/C_/Users/User_One/.pico-sdk/sdk/2.1.1/src/rp2_common/hardware_gpio/gpio.c.obj
 .debug_aranges
                0x00000140       0x28 CMakeFiles/blink.dir/C_/Users/User_One/.pico-sdk/sdk/2.1.1/src/rp2_common/pico_platform_panic/panic.c.obj
 .debug_aranges
                0x00000168       0x48 CMakeFiles/blink.dir/C_/Users/User_One/.pico-sdk/sdk/2.1.1/src/common/hardware_claim/claim.c.obj
 .debug_aranges
                0x000001b0       0x48 CMakeFiles/blink.dir/C_/Users/User_One/.pico-sdk/sdk/2.1.1/src/rp2_common/hardware_sync/sync.c.obj
 .debug_aranges
                0x000001f8       0x28 CMakeFiles/blink.dir/C_/Users/User_One/.pico-sdk/sdk/2.1.1/src/rp2_common/hardware_sync_spin_lock/sync_spin_lock.c.obj
 .debug_aranges
                0x00000220       0xb8 CMakeFiles/blink.dir/C_/Users/User_One/.pico-sdk/sdk/2.1.1/src/rp2_common/hardware_irq/irq.c.obj
 .debug_aranges
                0x000002d8       0x20 CMakeFiles/blink.dir/C_/Users/User_One/.pico-sdk/sdk/2.1.1/src/common/pico_sync/lock_core.c.obj
 .debug_aranges
                0x000002f8       0x98 CMakeFiles/blink.dir/C_/Users/User_One/.pico-sdk/sdk/2.1.1/src/common/pico_sync/mutex.c.obj
 .debug_aranges
                0x00000390       0xe0 CMakeFiles/blink.dir/C_/Users/User_One/.pico-sdk/sdk/2.1.1/src/common/pico_time/time.c.obj
 .debug_aranges
                0x00000470       0xf0 CMakeFiles/blink.dir/C_/Users/User_One/.pico-sdk/sdk/2.1.1/src/rp2_common/hardware_timer/timer.c.obj
 .debug_aranges
                0x00000560       0x90 CMakeFiles/blink.dir/C_/Users/User_One/.pico-sdk/sdk/2.1.1/src/rp2_common/hardware_clocks/clocks.c.obj
 .debug_aranges
                0x000005f0       0x28 CMakeFiles/blink.dir/C_/Users/User_One/.pico-sdk/sdk/2.1.1/src/rp2_common/hardware_pll/pll.c.obj
 .debug_aranges
                0x00000618       0x30 CMakeFiles/blink.dir/C_/Users/User_One/.pico-sdk/sdk/2.1.1/src/rp2_common/hardware_ticks/ticks.c.obj
 .debug_aranges
                0x00000648       0x40 CMakeFiles/blink.dir/C_/Users/User_One/.pico-sdk/sdk/2.1.1/src/rp2_common/pico_bootrom/bootrom.c.obj
 .debug_aranges
                0x00000688       0x30 CMakeFiles/blink.dir/C_/Users/User_One/.pico-sdk/sdk/2.1.1/src/rp2_common/hardware_xosc/xosc.c.obj
 .debug_aranges
                0x000006b8       0x38 CMakeFiles/blink.dir/C_/Users/User_One/.pico-sdk/sdk/2.1.1/src/rp2_common/pico_runtime/runtime.c.obj
 .debug_aranges
                0x000006f0       0x48 CMakeFiles/blink.dir/C_/Users/User_One/.pico-sdk/sdk/2.1.1/src/rp2_common/pico_runtime_init/runtime_init.c.obj
 .debug_aranges
                0x00000738       0x20 CMakeFiles/blink.dir/C_/Users/User_One/.pico-sdk/sdk/2.1.1/src/rp2_common/pico_runtime_init/runtime_init_clocks.c.obj
 .debug_aranges
                0x00000758       0x60 CMakeFiles/blink.dir/C_/Users/User_One/.pico-sdk/sdk/2.1.1/src/rp2_common/pico_bit_ops/bit_ops_aeabi.S.obj
 .debug_aranges
                0x000007b8       0x40 CMakeFiles/blink.dir/C_/Users/User_One/.pico-sdk/sdk/2.1.1/src/rp2_common/pico_divider/divider_hardware.S.obj
 .debug_aranges
                0x000007f8      0x150 CMakeFiles/blink.dir/C_/Users/User_One/.pico-sdk/sdk/2.1.1/src/rp2_common/pico_double/double_aeabi_rp2040.S.obj
 .debug_aranges
                0x00000948       0x20 CMakeFiles/blink.dir/C_/Users/User_One/.pico-sdk/sdk/2.1.1/src/rp2_common/pico_double/double_init_rom_rp2040.c.obj
 .debug_aranges
                0x00000968       0xc8 CMakeFiles/blink.dir/C_/Users/User_One/.pico-sdk/sdk/2.1.1/src/rp2_common/pico_double/double_v1_rom_shim_rp2040.S.obj
 .debug_aranges
                0x00000a30       0x20 CMakeFiles/blink.dir/C_/Users/User_One/.pico-sdk/sdk/2.1.1/src/rp2_common/pico_int64_ops/pico_int64_ops_aeabi.S.obj
 .debug_aranges
                0x00000a50      0x138 CMakeFiles/blink.dir/C_/Users/User_One/.pico-sdk/sdk/2.1.1/src/rp2_common/pico_float/float_aeabi_rp2040.S.obj
 .debug_aranges
                0x00000b88       0x20 CMakeFiles/blink.dir/C_/Users/User_One/.pico-sdk/sdk/2.1.1/src/rp2_common/pico_float/float_init_rom_rp2040.c.obj
 .debug_aranges
                0x00000ba8       0x50 CMakeFiles/blink.dir/C_/Users/User_One/.pico-sdk/sdk/2.1.1/src/rp2_common/pico_float/float_v1_rom_shim_rp2040.S.obj
 .debug_aranges
                0x00000bf8       0x38 CMakeFiles/blink.dir/C_/Users/User_One/.pico-sdk/sdk/2.1.1/src/rp2_common/pico_mem_ops/mem_ops_aeabi.S.obj
 .debug_aranges
                0x00000c30       0x18 CMakeFiles/blink.dir/C_/Users/User_One/.pico-sdk/sdk/2.1.1/src/rp2_common/pico_standard_binary_info/standard_binary_info.c.obj
 .debug_aranges
                0x00000c48       0x90 CMakeFiles/blink.dir/C_/Users/User_One/.pico-sdk/sdk/2.1.1/src/rp2_common/pico_printf/printf.c.obj
 .debug_aranges
                0x00000cd8       0x28 CMakeFiles/blink.dir/C_/Users/User_One/.pico-sdk/sdk/2.1.1/src/rp2_common/pico_crt0/crt0.S.obj
 .debug_aranges
                0x00000d00       0xa0 CMakeFiles/blink.dir/C_/Users/User_One/.pico-sdk/sdk/2.1.1/src/rp2_common/pico_clib_interface/newlib_interface.c.obj
 .debug_aranges
                0x00000da0       0xc8 CMakeFiles/blink.dir/C_/Users/User_One/.pico-sdk/sdk/2.1.1/src/rp2_common/pico_stdio/stdio.c.obj

.debug_rnglists
                0x00000000     0x2a66
 .debug_rnglists
                0x00000000       0x5b CMakeFiles/blink.dir/blink.c.obj
 .debug_rnglists
                0x0000005b      0x5d0 CMakeFiles/blink.dir/C_/Users/User_One/.pico-sdk/sdk/2.1.1/src/rp2_common/hardware_gpio/gpio.c.obj
 .debug_rnglists
                0x0000062b       0x19 CMakeFiles/blink.dir/C_/Users/User_One/.pico-sdk/sdk/2.1.1/src/rp2_common/pico_platform_panic/panic.c.obj
 .debug_rnglists
                0x00000644       0xb6 CMakeFiles/blink.dir/C_/Users/User_One/.pico-sdk/sdk/2.1.1/src/common/hardware_claim/claim.c.obj
 .debug_rnglists
                0x000006fa       0x58 CMakeFiles/blink.dir/C_/Users/User_One/.pico-sdk/sdk/2.1.1/src/rp2_common/hardware_sync/sync.c.obj
 .debug_rnglists
                0x00000752       0x3d CMakeFiles/blink.dir/C_/Users/User_One/.pico-sdk/sdk/2.1.1/src/rp2_common/hardware_sync_spin_lock/sync_spin_lock.c.obj
 .debug_rnglists
                0x0000078f      0x37d CMakeFiles/blink.dir/C_/Users/User_One/.pico-sdk/sdk/2.1.1/src/rp2_common/hardware_irq/irq.c.obj
 .debug_rnglists
                0x00000b0c       0x1f CMakeFiles/blink.dir/C_/Users/User_One/.pico-sdk/sdk/2.1.1/src/common/pico_sync/lock_core.c.obj
 .debug_rnglists
                0x00000b2b      0x325 CMakeFiles/blink.dir/C_/Users/User_One/.pico-sdk/sdk/2.1.1/src/common/pico_sync/mutex.c.obj
 .debug_rnglists
                0x00000e50      0x7e2 CMakeFiles/blink.dir/C_/Users/User_One/.pico-sdk/sdk/2.1.1/src/common/pico_time/time.c.obj
 .debug_rnglists
                0x00001632      0x2c6 CMakeFiles/blink.dir/C_/Users/User_One/.pico-sdk/sdk/2.1.1/src/rp2_common/hardware_timer/timer.c.obj
 .debug_rnglists
                0x000018f8      0x5af CMakeFiles/blink.dir/C_/Users/User_One/.pico-sdk/sdk/2.1.1/src/rp2_common/hardware_clocks/clocks.c.obj
 .debug_rnglists
                0x00001ea7       0x5c CMakeFiles/blink.dir/C_/Users/User_One/.pico-sdk/sdk/2.1.1/src/rp2_common/hardware_pll/pll.c.obj
 .debug_rnglists
                0x00001f03       0x2b CMakeFiles/blink.dir/C_/Users/User_One/.pico-sdk/sdk/2.1.1/src/rp2_common/hardware_ticks/ticks.c.obj
 .debug_rnglists
                0x00001f2e      0x112 CMakeFiles/blink.dir/C_/Users/User_One/.pico-sdk/sdk/2.1.1/src/rp2_common/pico_bootrom/bootrom.c.obj
 .debug_rnglists
                0x00002040       0x1f CMakeFiles/blink.dir/C_/Users/User_One/.pico-sdk/sdk/2.1.1/src/rp2_common/hardware_xosc/xosc.c.obj
 .debug_rnglists
                0x0000205f       0x3d CMakeFiles/blink.dir/C_/Users/User_One/.pico-sdk/sdk/2.1.1/src/rp2_common/pico_runtime/runtime.c.obj
 .debug_rnglists
                0x0000209c       0x49 CMakeFiles/blink.dir/C_/Users/User_One/.pico-sdk/sdk/2.1.1/src/rp2_common/pico_runtime_init/runtime_init.c.obj
 .debug_rnglists
                0x000020e5       0x20 CMakeFiles/blink.dir/C_/Users/User_One/.pico-sdk/sdk/2.1.1/src/rp2_common/pico_runtime_init/runtime_init_clocks.c.obj
 .debug_rnglists
                0x00002105       0x43 CMakeFiles/blink.dir/C_/Users/User_One/.pico-sdk/sdk/2.1.1/src/rp2_common/pico_bit_ops/bit_ops_aeabi.S.obj
 .debug_rnglists
                0x00002148       0x2c CMakeFiles/blink.dir/C_/Users/User_One/.pico-sdk/sdk/2.1.1/src/rp2_common/pico_divider/divider_hardware.S.obj
 .debug_rnglists
                0x00002174       0xf9 CMakeFiles/blink.dir/C_/Users/User_One/.pico-sdk/sdk/2.1.1/src/rp2_common/pico_double/double_aeabi_rp2040.S.obj
 .debug_rnglists
                0x0000226d       0x14 CMakeFiles/blink.dir/C_/Users/User_One/.pico-sdk/sdk/2.1.1/src/rp2_common/pico_double/double_init_rom_rp2040.c.obj
 .debug_rnglists
                0x00002281       0x99 CMakeFiles/blink.dir/C_/Users/User_One/.pico-sdk/sdk/2.1.1/src/rp2_common/pico_double/double_v1_rom_shim_rp2040.S.obj
 .debug_rnglists
                0x0000231a       0xe5 CMakeFiles/blink.dir/C_/Users/User_One/.pico-sdk/sdk/2.1.1/src/rp2_common/pico_float/float_aeabi_rp2040.S.obj
 .debug_rnglists
                0x000023ff       0x13 CMakeFiles/blink.dir/C_/Users/User_One/.pico-sdk/sdk/2.1.1/src/rp2_common/pico_float/float_init_rom_rp2040.c.obj
 .debug_rnglists
                0x00002412       0x38 CMakeFiles/blink.dir/C_/Users/User_One/.pico-sdk/sdk/2.1.1/src/rp2_common/pico_float/float_v1_rom_shim_rp2040.S.obj
 .debug_rnglists
                0x0000244a       0x25 CMakeFiles/blink.dir/C_/Users/User_One/.pico-sdk/sdk/2.1.1/src/rp2_common/pico_mem_ops/mem_ops_aeabi.S.obj
 .debug_rnglists
                0x0000246f      0x2a2 CMakeFiles/blink.dir/C_/Users/User_One/.pico-sdk/sdk/2.1.1/src/rp2_common/pico_printf/printf.c.obj
 .debug_rnglists
                0x00002711       0x1b CMakeFiles/blink.dir/C_/Users/User_One/.pico-sdk/sdk/2.1.1/src/rp2_common/pico_crt0/crt0.S.obj
 .debug_rnglists
                0x0000272c       0x7f CMakeFiles/blink.dir/C_/Users/User_One/.pico-sdk/sdk/2.1.1/src/rp2_common/pico_clib_interface/newlib_interface.c.obj
 .debug_rnglists
                0x000027ab      0x2bb CMakeFiles/blink.dir/C_/Users/User_One/.pico-sdk/sdk/2.1.1/src/rp2_common/pico_stdio/stdio.c.obj

.debug_line     0x00000000    0x157f5
 .debug_line    0x00000000      0x46c CMakeFiles/blink.dir/blink.c.obj
 .debug_line    0x0000046c     0x1cbc CMakeFiles/blink.dir/C_/Users/User_One/.pico-sdk/sdk/2.1.1/src/rp2_common/hardware_gpio/gpio.c.obj
 .debug_line    0x00002128      0x293 CMakeFiles/blink.dir/C_/Users/User_One/.pico-sdk/sdk/2.1.1/src/rp2_common/pico_platform_panic/panic.c.obj
 .debug_line    0x000023bb      0x90c CMakeFiles/blink.dir/C_/Users/User_One/.pico-sdk/sdk/2.1.1/src/common/hardware_claim/claim.c.obj
 .debug_line    0x00002cc7      0x4ea CMakeFiles/blink.dir/C_/Users/User_One/.pico-sdk/sdk/2.1.1/src/rp2_common/hardware_sync/sync.c.obj
 .debug_line    0x000031b1      0x3c9 CMakeFiles/blink.dir/C_/Users/User_One/.pico-sdk/sdk/2.1.1/src/rp2_common/hardware_sync_spin_lock/sync_spin_lock.c.obj
 .debug_line    0x0000357a     0x1793 CMakeFiles/blink.dir/C_/Users/User_One/.pico-sdk/sdk/2.1.1/src/rp2_common/hardware_irq/irq.c.obj
 .debug_line    0x00004d0d      0x2f4 CMakeFiles/blink.dir/C_/Users/User_One/.pico-sdk/sdk/2.1.1/src/common/pico_sync/lock_core.c.obj
 .debug_line    0x00005001     0x1b63 CMakeFiles/blink.dir/C_/Users/User_One/.pico-sdk/sdk/2.1.1/src/common/pico_sync/mutex.c.obj
 .debug_line    0x00006b64     0x3580 CMakeFiles/blink.dir/C_/Users/User_One/.pico-sdk/sdk/2.1.1/src/common/pico_time/time.c.obj
 .debug_line    0x0000a0e4     0x1d37 CMakeFiles/blink.dir/C_/Users/User_One/.pico-sdk/sdk/2.1.1/src/rp2_common/hardware_timer/timer.c.obj
 .debug_line    0x0000be1b     0x212a CMakeFiles/blink.dir/C_/Users/User_One/.pico-sdk/sdk/2.1.1/src/rp2_common/hardware_clocks/clocks.c.obj
 .debug_line    0x0000df45      0x515 CMakeFiles/blink.dir/C_/Users/User_One/.pico-sdk/sdk/2.1.1/src/rp2_common/hardware_pll/pll.c.obj
 .debug_line    0x0000e45a      0x353 CMakeFiles/blink.dir/C_/Users/User_One/.pico-sdk/sdk/2.1.1/src/rp2_common/hardware_ticks/ticks.c.obj
 .debug_line    0x0000e7ad      0x466 CMakeFiles/blink.dir/C_/Users/User_One/.pico-sdk/sdk/2.1.1/src/rp2_common/pico_bootrom/bootrom.c.obj
 .debug_line    0x0000ec13      0x35c CMakeFiles/blink.dir/C_/Users/User_One/.pico-sdk/sdk/2.1.1/src/rp2_common/hardware_xosc/xosc.c.obj
 .debug_line    0x0000ef6f      0x325 CMakeFiles/blink.dir/C_/Users/User_One/.pico-sdk/sdk/2.1.1/src/rp2_common/pico_runtime/runtime.c.obj
 .debug_line    0x0000f294      0x557 CMakeFiles/blink.dir/C_/Users/User_One/.pico-sdk/sdk/2.1.1/src/rp2_common/pico_runtime_init/runtime_init.c.obj
 .debug_line    0x0000f7eb      0x587 CMakeFiles/blink.dir/C_/Users/User_One/.pico-sdk/sdk/2.1.1/src/rp2_common/pico_runtime_init/runtime_init_clocks.c.obj
 .debug_line    0x0000fd72      0x107 CMakeFiles/blink.dir/C_/Users/User_One/.pico-sdk/sdk/2.1.1/src/rp2_common/pico_bit_ops/bit_ops_aeabi.S.obj
 .debug_line    0x0000fe79      0x2a9 CMakeFiles/blink.dir/C_/Users/User_One/.pico-sdk/sdk/2.1.1/src/rp2_common/pico_divider/divider_hardware.S.obj
 .debug_line    0x00010122      0x452 CMakeFiles/blink.dir/C_/Users/User_One/.pico-sdk/sdk/2.1.1/src/rp2_common/pico_double/double_aeabi_rp2040.S.obj
 .debug_line    0x00010574      0x4a8 CMakeFiles/blink.dir/C_/Users/User_One/.pico-sdk/sdk/2.1.1/src/rp2_common/pico_double/double_init_rom_rp2040.c.obj
 .debug_line    0x00010a1c      0x66d CMakeFiles/blink.dir/C_/Users/User_One/.pico-sdk/sdk/2.1.1/src/rp2_common/pico_double/double_v1_rom_shim_rp2040.S.obj
 .debug_line    0x00011089       0x61 CMakeFiles/blink.dir/C_/Users/User_One/.pico-sdk/sdk/2.1.1/src/rp2_common/pico_int64_ops/pico_int64_ops_aeabi.S.obj
 .debug_line    0x000110ea      0x3d2 CMakeFiles/blink.dir/C_/Users/User_One/.pico-sdk/sdk/2.1.1/src/rp2_common/pico_float/float_aeabi_rp2040.S.obj
 .debug_line    0x000114bc      0x3bd CMakeFiles/blink.dir/C_/Users/User_One/.pico-sdk/sdk/2.1.1/src/rp2_common/pico_float/float_init_rom_rp2040.c.obj
 .debug_line    0x00011879      0x195 CMakeFiles/blink.dir/C_/Users/User_One/.pico-sdk/sdk/2.1.1/src/rp2_common/pico_float/float_v1_rom_shim_rp2040.S.obj
 .debug_line    0x00011a0e       0x94 CMakeFiles/blink.dir/C_/Users/User_One/.pico-sdk/sdk/2.1.1/src/rp2_common/pico_mem_ops/mem_ops_aeabi.S.obj
 .debug_line    0x00011aa2      0x1fe CMakeFiles/blink.dir/C_/Users/User_One/.pico-sdk/sdk/2.1.1/src/rp2_common/pico_standard_binary_info/standard_binary_info.c.obj
 .debug_line    0x00011ca0     0x1d21 CMakeFiles/blink.dir/C_/Users/User_One/.pico-sdk/sdk/2.1.1/src/rp2_common/pico_printf/printf.c.obj
 .debug_line    0x000139c1       0xa5 CMakeFiles/blink.dir/C_/Users/User_One/.pico-sdk/sdk/2.1.1/src/rp2_common/pico_crt0/crt0.S.obj
 .debug_line    0x00013a66      0x88b CMakeFiles/blink.dir/C_/Users/User_One/.pico-sdk/sdk/2.1.1/src/rp2_common/pico_clib_interface/newlib_interface.c.obj
 .debug_line    0x000142f1     0x1504 CMakeFiles/blink.dir/C_/Users/User_One/.pico-sdk/sdk/2.1.1/src/rp2_common/pico_stdio/stdio.c.obj

.debug_str      0x00000000     0x43ce
 .debug_str     0x00000000     0x43ce CMakeFiles/blink.dir/blink.c.obj
                                0x417 (size before relaxing)
 .debug_str     0x000043ce      0xc86 CMakeFiles/blink.dir/C_/Users/User_One/.pico-sdk/sdk/2.1.1/src/rp2_common/hardware_gpio/gpio.c.obj
 .debug_str     0x000043ce      0x211 CMakeFiles/blink.dir/C_/Users/User_One/.pico-sdk/sdk/2.1.1/src/rp2_common/pico_platform_panic/panic.c.obj
 .debug_str     0x000043ce      0x394 CMakeFiles/blink.dir/C_/Users/User_One/.pico-sdk/sdk/2.1.1/src/common/hardware_claim/claim.c.obj
 .debug_str     0x000043ce      0x33d CMakeFiles/blink.dir/C_/Users/User_One/.pico-sdk/sdk/2.1.1/src/rp2_common/hardware_sync/sync.c.obj
 .debug_str     0x000043ce      0x250 CMakeFiles/blink.dir/C_/Users/User_One/.pico-sdk/sdk/2.1.1/src/rp2_common/hardware_sync_spin_lock/sync_spin_lock.c.obj
 .debug_str     0x000043ce      0xa84 CMakeFiles/blink.dir/C_/Users/User_One/.pico-sdk/sdk/2.1.1/src/rp2_common/hardware_irq/irq.c.obj
 .debug_str     0x000043ce      0x21c CMakeFiles/blink.dir/C_/Users/User_One/.pico-sdk/sdk/2.1.1/src/common/pico_sync/lock_core.c.obj
 .debug_str     0x000043ce      0x7af CMakeFiles/blink.dir/C_/Users/User_One/.pico-sdk/sdk/2.1.1/src/common/pico_sync/mutex.c.obj
 .debug_str     0x000043ce     0x11a5 CMakeFiles/blink.dir/C_/Users/User_One/.pico-sdk/sdk/2.1.1/src/common/pico_time/time.c.obj
 .debug_str     0x000043ce      0x9f7 CMakeFiles/blink.dir/C_/Users/User_One/.pico-sdk/sdk/2.1.1/src/rp2_common/hardware_timer/timer.c.obj
 .debug_str     0x000043ce      0x9ac CMakeFiles/blink.dir/C_/Users/User_One/.pico-sdk/sdk/2.1.1/src/rp2_common/hardware_clocks/clocks.c.obj
 .debug_str     0x000043ce      0x46f CMakeFiles/blink.dir/C_/Users/User_One/.pico-sdk/sdk/2.1.1/src/rp2_common/hardware_pll/pll.c.obj
 .debug_str     0x000043ce      0x29e CMakeFiles/blink.dir/C_/Users/User_One/.pico-sdk/sdk/2.1.1/src/rp2_common/hardware_ticks/ticks.c.obj
 .debug_str     0x000043ce      0x363 CMakeFiles/blink.dir/C_/Users/User_One/.pico-sdk/sdk/2.1.1/src/rp2_common/pico_bootrom/bootrom.c.obj
 .debug_str     0x000043ce      0x253 CMakeFiles/blink.dir/C_/Users/User_One/.pico-sdk/sdk/2.1.1/src/rp2_common/hardware_xosc/xosc.c.obj
 .debug_str     0x000043ce      0x2a3 CMakeFiles/blink.dir/C_/Users/User_One/.pico-sdk/sdk/2.1.1/src/rp2_common/pico_runtime/runtime.c.obj
 .debug_str     0x000043ce      0x797 CMakeFiles/blink.dir/C_/Users/User_One/.pico-sdk/sdk/2.1.1/src/rp2_common/pico_runtime_init/runtime_init.c.obj
 .debug_str     0x000043ce      0x4ab CMakeFiles/blink.dir/C_/Users/User_One/.pico-sdk/sdk/2.1.1/src/rp2_common/pico_runtime_init/runtime_init_clocks.c.obj
 .debug_str     0x000043ce       0x9b CMakeFiles/blink.dir/C_/Users/User_One/.pico-sdk/sdk/2.1.1/src/rp2_common/pico_bit_ops/bit_ops_aeabi.S.obj
 .debug_str     0x000043ce       0x9e CMakeFiles/blink.dir/C_/Users/User_One/.pico-sdk/sdk/2.1.1/src/rp2_common/pico_divider/divider_hardware.S.obj
 .debug_str     0x000043ce       0xa0 CMakeFiles/blink.dir/C_/Users/User_One/.pico-sdk/sdk/2.1.1/src/rp2_common/pico_double/double_aeabi_rp2040.S.obj
 .debug_str     0x000043ce      0x2cc CMakeFiles/blink.dir/C_/Users/User_One/.pico-sdk/sdk/2.1.1/src/rp2_common/pico_double/double_init_rom_rp2040.c.obj
 .debug_str     0x000043ce       0xa6 CMakeFiles/blink.dir/C_/Users/User_One/.pico-sdk/sdk/2.1.1/src/rp2_common/pico_double/double_v1_rom_shim_rp2040.S.obj
 .debug_str     0x000043ce       0xa4 CMakeFiles/blink.dir/C_/Users/User_One/.pico-sdk/sdk/2.1.1/src/rp2_common/pico_int64_ops/pico_int64_ops_aeabi.S.obj
 .debug_str     0x000043ce       0x9e CMakeFiles/blink.dir/C_/Users/User_One/.pico-sdk/sdk/2.1.1/src/rp2_common/pico_float/float_aeabi_rp2040.S.obj
 .debug_str     0x000043ce      0x2b1 CMakeFiles/blink.dir/C_/Users/User_One/.pico-sdk/sdk/2.1.1/src/rp2_common/pico_float/float_init_rom_rp2040.c.obj
 .debug_str     0x000043ce       0xa4 CMakeFiles/blink.dir/C_/Users/User_One/.pico-sdk/sdk/2.1.1/src/rp2_common/pico_float/float_v1_rom_shim_rp2040.S.obj
 .debug_str     0x000043ce       0x9b CMakeFiles/blink.dir/C_/Users/User_One/.pico-sdk/sdk/2.1.1/src/rp2_common/pico_mem_ops/mem_ops_aeabi.S.obj
 .debug_str     0x000043ce      0x412 CMakeFiles/blink.dir/C_/Users/User_One/.pico-sdk/sdk/2.1.1/src/rp2_common/pico_standard_binary_info/standard_binary_info.c.obj
 .debug_str     0x000043ce      0x4f5 CMakeFiles/blink.dir/C_/Users/User_One/.pico-sdk/sdk/2.1.1/src/rp2_common/pico_printf/printf.c.obj
 .debug_str     0x000043ce       0x8f CMakeFiles/blink.dir/C_/Users/User_One/.pico-sdk/sdk/2.1.1/src/rp2_common/pico_crt0/crt0.S.obj
 .debug_str     0x000043ce      0x731 CMakeFiles/blink.dir/C_/Users/User_One/.pico-sdk/sdk/2.1.1/src/rp2_common/pico_clib_interface/newlib_interface.c.obj
 .debug_str     0x000043ce      0xd8c CMakeFiles/blink.dir/C_/Users/User_One/.pico-sdk/sdk/2.1.1/src/rp2_common/pico_stdio/stdio.c.obj

.debug_frame    0x00000000     0x1998
 .debug_frame   0x00000000       0x2c CMakeFiles/blink.dir/blink.c.obj
 .debug_frame   0x0000002c      0x330 CMakeFiles/blink.dir/C_/Users/User_One/.pico-sdk/sdk/2.1.1/src/rp2_common/hardware_gpio/gpio.c.obj
 .debug_frame   0x0000035c       0x44 CMakeFiles/blink.dir/C_/Users/User_One/.pico-sdk/sdk/2.1.1/src/rp2_common/pico_platform_panic/panic.c.obj
 .debug_frame   0x000003a0       0xa0 CMakeFiles/blink.dir/C_/Users/User_One/.pico-sdk/sdk/2.1.1/src/common/hardware_claim/claim.c.obj
 .debug_frame   0x00000440       0xa8 CMakeFiles/blink.dir/C_/Users/User_One/.pico-sdk/sdk/2.1.1/src/rp2_common/hardware_sync/sync.c.obj
 .debug_frame   0x000004e8       0x30 CMakeFiles/blink.dir/C_/Users/User_One/.pico-sdk/sdk/2.1.1/src/rp2_common/hardware_sync_spin_lock/sync_spin_lock.c.obj
 .debug_frame   0x00000518      0x1cc CMakeFiles/blink.dir/C_/Users/User_One/.pico-sdk/sdk/2.1.1/src/rp2_common/hardware_irq/irq.c.obj
 .debug_frame   0x000006e4       0x20 CMakeFiles/blink.dir/C_/Users/User_One/.pico-sdk/sdk/2.1.1/src/common/pico_sync/lock_core.c.obj
 .debug_frame   0x00000704      0x1e8 CMakeFiles/blink.dir/C_/Users/User_One/.pico-sdk/sdk/2.1.1/src/common/pico_sync/mutex.c.obj
 .debug_frame   0x000008ec      0x2ec CMakeFiles/blink.dir/C_/Users/User_One/.pico-sdk/sdk/2.1.1/src/common/pico_time/time.c.obj
 .debug_frame   0x00000bd8      0x2c4 CMakeFiles/blink.dir/C_/Users/User_One/.pico-sdk/sdk/2.1.1/src/rp2_common/hardware_timer/timer.c.obj
 .debug_frame   0x00000e9c      0x1f4 CMakeFiles/blink.dir/C_/Users/User_One/.pico-sdk/sdk/2.1.1/src/rp2_common/hardware_clocks/clocks.c.obj
 .debug_frame   0x00001090       0x40 CMakeFiles/blink.dir/C_/Users/User_One/.pico-sdk/sdk/2.1.1/src/rp2_common/hardware_pll/pll.c.obj
 .debug_frame   0x000010d0       0x40 CMakeFiles/blink.dir/C_/Users/User_One/.pico-sdk/sdk/2.1.1/src/rp2_common/hardware_ticks/ticks.c.obj
 .debug_frame   0x00001110       0xa0 CMakeFiles/blink.dir/C_/Users/User_One/.pico-sdk/sdk/2.1.1/src/rp2_common/pico_bootrom/bootrom.c.obj
 .debug_frame   0x000011b0       0x40 CMakeFiles/blink.dir/C_/Users/User_One/.pico-sdk/sdk/2.1.1/src/rp2_common/hardware_xosc/xosc.c.obj
 .debug_frame   0x000011f0       0x70 CMakeFiles/blink.dir/C_/Users/User_One/.pico-sdk/sdk/2.1.1/src/rp2_common/pico_runtime/runtime.c.obj
 .debug_frame   0x00001260       0x84 CMakeFiles/blink.dir/C_/Users/User_One/.pico-sdk/sdk/2.1.1/src/rp2_common/pico_runtime_init/runtime_init.c.obj
 .debug_frame   0x000012e4       0x2c CMakeFiles/blink.dir/C_/Users/User_One/.pico-sdk/sdk/2.1.1/src/rp2_common/pico_runtime_init/runtime_init_clocks.c.obj
 .debug_frame   0x00001310       0x2c CMakeFiles/blink.dir/C_/Users/User_One/.pico-sdk/sdk/2.1.1/src/rp2_common/pico_double/double_init_rom_rp2040.c.obj
 .debug_frame   0x0000133c       0x28 CMakeFiles/blink.dir/C_/Users/User_One/.pico-sdk/sdk/2.1.1/src/rp2_common/pico_float/float_init_rom_rp2040.c.obj
 .debug_frame   0x00001364      0x1f0 CMakeFiles/blink.dir/C_/Users/User_One/.pico-sdk/sdk/2.1.1/src/rp2_common/pico_printf/printf.c.obj
 .debug_frame   0x00001554      0x174 CMakeFiles/blink.dir/C_/Users/User_One/.pico-sdk/sdk/2.1.1/src/rp2_common/pico_clib_interface/newlib_interface.c.obj
 .debug_frame   0x000016c8      0x2a8 CMakeFiles/blink.dir/C_/Users/User_One/.pico-sdk/sdk/2.1.1/src/rp2_common/pico_stdio/stdio.c.obj
 .debug_frame   0x00001970       0x28 C:/Users/USERON~1/PICO-S~1/TOOLCH~1/14_2_R~1/bin/../lib/gcc/arm-none-eabi/14.2.1/thumb/v6-m/nofp\libg.a(libc_a-strlen-stub.o)

.debug_line_str
                0x00000000      0x381
 .debug_line_str
                0x00000000      0x381 CMakeFiles/blink.dir/C_/Users/User_One/.pico-sdk/sdk/2.1.1/src/rp2_common/pico_bit_ops/bit_ops_aeabi.S.obj
                                 0x8d (size before relaxing)
 .debug_line_str
                0x00000381       0x90 CMakeFiles/blink.dir/C_/Users/User_One/.pico-sdk/sdk/2.1.1/src/rp2_common/pico_divider/divider_hardware.S.obj
 .debug_line_str
                0x00000381       0x92 CMakeFiles/blink.dir/C_/Users/User_One/.pico-sdk/sdk/2.1.1/src/rp2_common/pico_double/double_aeabi_rp2040.S.obj
 .debug_line_str
                0x00000381       0x98 CMakeFiles/blink.dir/C_/Users/User_One/.pico-sdk/sdk/2.1.1/src/rp2_common/pico_double/double_v1_rom_shim_rp2040.S.obj
 .debug_line_str